ninja: warning: premature end of file; recovering
[0/2] Re-checking globbed directories...
[1/2] Re-running CMake...
-- Running vcpkg install
Detecting compiler hash for triplet arm64-osx...
Compiler found: /Applications/Xcode.app/Contents/Developer/Toolchains/XcodeDefault.xctoolchain/usr/bin/c++
The following packages are already installed:
  * curl[core,ssl,openssl,non-http]:arm64-osx@8.16.0
    gdal[core,geos,sqlite3,png,jpeg]:arm64-osx@3.11.4
  * geos:arm64-osx@3.14.0
    gtest:arm64-osx@1.17.0#2
    hdf5:arm64-osx@1.14.6
  * json-c:arm64-osx@0.18-20240915
  * libgeotiff:arm64-osx@1.7.4
  * libjpeg-turbo:arm64-osx@3.1.2
  * liblzma:arm64-osx@5.8.1
  * libpng:arm64-osx@1.6.50
    nanoflann:arm64-osx@1.7.1
  * nlohmann-json:arm64-osx@3.12.0#1
    openssl:arm64-osx@3.6.0#2
  * pkgconf:arm64-osx@2.5.1#3
  * proj[core,tiff,net]:arm64-osx@9.7.0
  * sqlite3[core,tool,rtree,json1]:arm64-osx@3.50.4
  * tiff[core,zip,lzma,jpeg]:arm64-osx@4.7.1
    vcpkg-cmake:arm64-osx@2024-04-23
    vcpkg-cmake-config:arm64-osx@2024-05-23
  * vcpkg-cmake-get-vars:arm64-osx@2025-05-29
  * vcpkg-pkgconfig-get-modules:arm64-osx@2024-04-03
  * vcpkg-tool-meson:arm64-osx@1.9.0#2
  * zlib:arm64-osx@1.3.1
openssl is compatible with built-in CMake targets:

  find_package(OpenSSL REQUIRED)
  target_link_libraries(main PRIVATE OpenSSL::SSL)
  target_link_libraries(main PRIVATE OpenSSL::Crypto)

The package GDAL provides CMake targets:

    find_package(GDAL CONFIG REQUIRED)
    target_link_libraries(main PRIVATE GDAL::GDAL)

The package gtest is compatible with built-in CMake targets:

    enable_testing()
    
    find_package(GTest CONFIG REQUIRED)
    target_link_libraries(main PRIVATE GTest::gtest GTest::gtest_main GTest::gmock GTest::gmock_main)
    
    add_test(AllTestsInMain main)

hdf5 provides CMake targets:

  # this is heuristically generated, and may not be correct
  find_package(hdf5 CONFIG REQUIRED)
  target_link_libraries(main PRIVATE hdf5::hdf5-static hdf5::hdf5_hl-static)

hdf5 provides pkg-config modules:

  # HDF5 (Hierarchical Data Format 5) Software Library
  hdf5

  # HDF5 (Hierarchical Data Format 5) Software Library
  hdf5_hl

nanoflann provides CMake targets:

  # this is heuristically generated, and may not be correct
  find_package(nanoflann CONFIG REQUIRED)
  target_link_libraries(main PRIVATE nanoflann::nanoflann)

nanoflann provides pkg-config modules:

  # nanoflann - A C++11 header-only library for kd-trees
  nanoflann

All requested installations completed successfully in: 293 us
-- Running vcpkg install - done
-- Failed to find all ICU components (missing: ICU_LIBRARY uc i18n) (found version "78.1")
-- Found OpenSSL: /Users/calebbuahin/Documents/Projects/cbuahin_github/openswmm.gui/build/vcpkg_installed/arm64-osx/debug/lib/libcrypto.a (found suitable version "3.6.0", minimum required is "3")
-- Found ZLIB: optimized;/Users/calebbuahin/Documents/Projects/cbuahin_github/openswmm.gui/build/vcpkg_installed/arm64-osx/lib/libz.a;debug;/Users/calebbuahin/Documents/Projects/cbuahin_github/openswmm.gui/build/vcpkg_installed/arm64-osx/debug/lib/libz.a (found suitable version "1.3.1", minimum required is "1")
-- Reading /Users/calebbuahin/Documents/Projects/cbuahin_github/openswmm.gui/build/vcpkg_installed/arm64-osx/share/geotiff/geotiff-config.cmake
-- GeoTIFF configuration, version 1.7.4
--   include directory: ${GeoTIFF_INCLUDE_DIRS}
--   ${GeoTIFF_LIBRARIES} set to static libraries
-- Found ZLIB: optimized;/Users/calebbuahin/Documents/Projects/cbuahin_github/openswmm.gui/build/vcpkg_installed/arm64-osx/lib/libz.a;debug;/Users/calebbuahin/Documents/Projects/cbuahin_github/openswmm.gui/build/vcpkg_installed/arm64-osx/debug/lib/libz.a (found version "1.3.1")
-- Found OpenSSL: /Users/calebbuahin/Documents/Projects/cbuahin_github/openswmm.gui/build/vcpkg_installed/arm64-osx/debug/lib/libcrypto.a (found version "3.6.0")
-- QPropertyModel: using local checkout at /Users/calebbuahin/Documents/Projects/cbuahin_github/openswmm.gui/../QPropertyModel
-- openswmm.engine: using prebuilt package at /Users/calebbuahin/Documents/Projects/cbuahin_github/openswmm.engine/install/Darwin/lib/cmake/OpenSWMMEngine
resources/shaders/scalarfill.vert -> resources/shaders/scalarfill.vert.qsb exposed as ://resources/shaders/scalarfill.vert.qsb
resources/shaders/scalarfill.frag -> resources/shaders/scalarfill.frag.qsb exposed as ://resources/shaders/scalarfill.frag.qsb
-- Test runtime env modifications: PROJ_DATA=set:/Users/calebbuahin/Documents/Projects/cbuahin_github/openswmm.gui/build/vcpkg_installed/arm64-osx/share/proj;PROJ_LIB=set:/Users/calebbuahin/Documents/Projects/cbuahin_github/openswmm.gui/build/vcpkg_installed/arm64-osx/share/proj;GDAL_DATA=set:/Users/calebbuahin/Documents/Projects/cbuahin_github/openswmm.gui/build/vcpkg_installed/arm64-osx/share/gdal
-- Configuring done (5.3s)
-- Generating done (4.0s)
-- Build files have been written to: /Users/calebbuahin/Documents/Projects/cbuahin_github/openswmm.gui/build
ninja: warning: premature end of file; recovering
[0/4] Re-checking globbed directories...
[1/216] Automatic MOC and UIC for target SWMMVis
[2/216] Building CXX object CMakeFiles/SWMMVis.dir/src/main.cpp.o
[3/216] Building CXX object CMakeFiles/SWMMVis.dir/src/swmmvisactions.cpp.o
In file included from /Users/calebbuahin/Documents/Projects/cbuahin_github/openswmm.gui/src/swmmvisactions.cpp:18:
/Users/calebbuahin/Documents/Projects/cbuahin_github/openswmm.gui/include/layers/swmm2dresultslayer.h:503:55: warning: 'renderer' overrides a member function but is not marked 'override' [-Winconsistent-missing-override]
  503 |     [[nodiscard]] OpenSWMM::Render::IFeatureRenderer *renderer() const;
      |                                                       ^
/Users/calebbuahin/Documents/Projects/cbuahin_github/openswmm.gui/include/layers/openswmmvislayer.h:434:63: note: overridden virtual function is here
  434 |     [[nodiscard]] virtual OpenSWMM::Render::IFeatureRenderer *renderer() const { return nullptr; }
      |                                                               ^
In file included from /Users/calebbuahin/Documents/Projects/cbuahin_github/openswmm.gui/src/swmmvisactions.cpp:18:
/Users/calebbuahin/Documents/Projects/cbuahin_github/openswmm.gui/include/layers/swmm2dresultslayer.h:511:10: warning: 'setRenderer' overrides a member function but is not marked 'override' [-Winconsistent-missing-override]
  511 |     void setRenderer(std::unique_ptr<OpenSWMM::Render::IFeatureRenderer> r);
      |          ^
/Users/calebbuahin/Documents/Projects/cbuahin_github/openswmm.gui/include/layers/openswmmvislayer.h:440:18: note: overridden virtual function is here
  440 |     virtual void setRenderer(std::unique_ptr<OpenSWMM::Render::IFeatureRenderer>);
      |                  ^
2 warnings generated.
[4/216] Building CXX object CMakeFiles/SWMMVis.dir/src/swmmvisapplication.cpp.o
[5/216] Building CXX object CMakeFiles/SWMMVis.dir/src/core/preferencesmanager.cpp.o
[6/216] Building CXX object CMakeFiles/SWMMVis.dir/src/swmmvisprojectwindow.cpp.o
In file included from /Users/calebbuahin/Documents/Projects/cbuahin_github/openswmm.gui/src/swmmvisprojectwindow.cpp:16:
/Users/calebbuahin/Documents/Projects/cbuahin_github/openswmm.gui/include/layers/swmmresultslayer.h:407:55: warning: 'renderer' overrides a member function but is not marked 'override' [-Winconsistent-missing-override]
  407 |     [[nodiscard]] OpenSWMM::Render::IFeatureRenderer *renderer() const;
      |                                                       ^
/Users/calebbuahin/Documents/Projects/cbuahin_github/openswmm.gui/include/layers/openswmmvislayer.h:434:63: note: overridden virtual function is here
  434 |     [[nodiscard]] virtual OpenSWMM::Render::IFeatureRenderer *renderer() const { return nullptr; }
      |                                                               ^
In file included from /Users/calebbuahin/Documents/Projects/cbuahin_github/openswmm.gui/src/swmmvisprojectwindow.cpp:16:
/Users/calebbuahin/Documents/Projects/cbuahin_github/openswmm.gui/include/layers/swmmresultslayer.h:416:10: warning: 'setRenderer' overrides a member function but is not marked 'override' [-Winconsistent-missing-override]
  416 |     void setRenderer(std::unique_ptr<OpenSWMM::Render::IFeatureRenderer> r);
      |          ^
/Users/calebbuahin/Documents/Projects/cbuahin_github/openswmm.gui/include/layers/openswmmvislayer.h:440:18: note: overridden virtual function is here
  440 |     virtual void setRenderer(std::unique_ptr<OpenSWMM::Render::IFeatureRenderer>);
      |                  ^
In file included from /Users/calebbuahin/Documents/Projects/cbuahin_github/openswmm.gui/src/swmmvisprojectwindow.cpp:17:
/Users/calebbuahin/Documents/Projects/cbuahin_github/openswmm.gui/include/layers/swmm2dresultslayer.h:503:55: warning: 'renderer' overrides a member function but is not marked 'override' [-Winconsistent-missing-override]
  503 |     [[nodiscard]] OpenSWMM::Render::IFeatureRenderer *renderer() const;
      |                                                       ^
/Users/calebbuahin/Documents/Projects/cbuahin_github/openswmm.gui/include/layers/openswmmvislayer.h:434:63: note: overridden virtual function is here
  434 |     [[nodiscard]] virtual OpenSWMM::Render::IFeatureRenderer *renderer() const { return nullptr; }
      |                                                               ^
In file included from /Users/calebbuahin/Documents/Projects/cbuahin_github/openswmm.gui/src/swmmvisprojectwindow.cpp:17:
/Users/calebbuahin/Documents/Projects/cbuahin_github/openswmm.gui/include/layers/swmm2dresultslayer.h:511:10: warning: 'setRenderer' overrides a member function but is not marked 'override' [-Winconsistent-missing-override]
  511 |     void setRenderer(std::unique_ptr<OpenSWMM::Render::IFeatureRenderer> r);
      |          ^
/Users/calebbuahin/Documents/Projects/cbuahin_github/openswmm.gui/include/layers/openswmmvislayer.h:440:18: note: overridden virtual function is here
  440 |     virtual void setRenderer(std::unique_ptr<OpenSWMM::Render::IFeatureRenderer>);
      |                  ^
4 warnings generated.
[7/216] Building CXX object CMakeFiles/SWMMVis.dir/src/core/linkrenderingprefs.cpp.o
[8/216] Building CXX object CMakeFiles/SWMMVis.dir/src/core/noderenderingprefs.cpp.o
[9/216] Building CXX object CMakeFiles/SWMMVis.dir/src/core/meshbcrenderingprefs.cpp.o
[10/216] Building CXX object CMakeFiles/SWMMVis.dir/src/core/selectionrenderingprefs.cpp.o
[11/216] Building CXX object CMakeFiles/SWMMVis.dir/src/swmmvis.cpp.o
In file included from /Users/calebbuahin/Documents/Projects/cbuahin_github/openswmm.gui/src/swmmvis.cpp:76:
In file included from /Users/calebbuahin/Documents/Projects/cbuahin_github/openswmm.gui/include/ui/dialogs/sublayerselectiondialog.h:19:
/Users/calebbuahin/Documents/Projects/cbuahin_github/openswmm.gui/include/layers/gisvectorlayer.h:270:55: warning: 'renderer' overrides a member function but is not marked 'override' [-Winconsistent-missing-override]
  270 |     [[nodiscard]] OpenSWMM::Render::IFeatureRenderer *renderer() const;
      |                                                       ^
/Users/calebbuahin/Documents/Projects/cbuahin_github/openswmm.gui/include/layers/openswmmvislayer.h:434:63: note: overridden virtual function is here
  434 |     [[nodiscard]] virtual OpenSWMM::Render::IFeatureRenderer *renderer() const { return nullptr; }
      |                                                               ^
In file included from /Users/calebbuahin/Documents/Projects/cbuahin_github/openswmm.gui/src/swmmvis.cpp:76:
In file included from /Users/calebbuahin/Documents/Projects/cbuahin_github/openswmm.gui/include/ui/dialogs/sublayerselectiondialog.h:19:
/Users/calebbuahin/Documents/Projects/cbuahin_github/openswmm.gui/include/layers/gisvectorlayer.h:278:10: warning: 'setRenderer' overrides a member function but is not marked 'override' [-Winconsistent-missing-override]
  278 |     void setRenderer(std::unique_ptr<OpenSWMM::Render::IFeatureRenderer> r);
      |          ^
/Users/calebbuahin/Documents/Projects/cbuahin_github/openswmm.gui/include/layers/openswmmvislayer.h:440:18: note: overridden virtual function is here
  440 |     virtual void setRenderer(std::unique_ptr<OpenSWMM::Render::IFeatureRenderer>);
      |                  ^
In file included from /Users/calebbuahin/Documents/Projects/cbuahin_github/openswmm.gui/src/swmmvis.cpp:88:
/Users/calebbuahin/Documents/Projects/cbuahin_github/openswmm.gui/include/core/swmmdatetime.h:61:12: warning: 'QDateTime' is deprecated: Pass QTimeZone instead [-Wdeprecated-declarations]
   61 |     return QDateTime(date, QTime(h, mi, s), Qt::UTC);
      |            ^
/Users/calebbuahin/Qt/6.9.3/macos/lib/QtCore.framework/Headers/qdatetime.h:361:5: note: 'QDateTime' has been explicitly marked deprecated here
  361 |     QT_DEPRECATED_VERSION_X_6_9("Pass QTimeZone instead")
      |     ^
/Users/calebbuahin/Qt/6.9.3/macos/lib/QtCore.framework/Headers/qtdeprecationmarkers.h:213:44: note: expanded from macro 'QT_DEPRECATED_VERSION_X_6_9'
  213 | # define QT_DEPRECATED_VERSION_X_6_9(text) QT_DEPRECATED_X(text)
      |                                            ^
/Users/calebbuahin/Qt/6.9.3/macos/lib/QtCore.framework/Headers/qtdeprecationmarkers.h:29:33: note: expanded from macro 'QT_DEPRECATED_X'
   29 | #  define QT_DEPRECATED_X(text) Q_DECL_DEPRECATED_X(text)
      |                                 ^
/Users/calebbuahin/Qt/6.9.3/macos/lib/QtCore.framework/Headers/qcompilerdetection.h:1011:36: note: expanded from macro 'Q_DECL_DEPRECATED_X'
 1011 | #  define Q_DECL_DEPRECATED_X(x) [[deprecated(x)]]
      |                                    ^
In file included from /Users/calebbuahin/Documents/Projects/cbuahin_github/openswmm.gui/src/swmmvis.cpp:88:
/Users/calebbuahin/Documents/Projects/cbuahin_github/openswmm.gui/include/core/swmmdatetime.h:61:12: warning: 'QDateTime' is deprecated: Pass QTimeZone instead [-Wdeprecated-declarations]
   61 |     return QDateTime(date, QTime(h, mi, s), Qt::UTC);
      |            ^
/Users/calebbuahin/Qt/6.9.3/macos/lib/QtCore.framework/Headers/qdatetime.h:361:5: note: 'QDateTime' has been explicitly marked deprecated here
  361 |     QT_DEPRECATED_VERSION_X_6_9("Pass QTimeZone instead")
      |     ^
/Users/calebbuahin/Qt/6.9.3/macos/lib/QtCore.framework/Headers/qtdeprecationmarkers.h:213:44: note: expanded from macro 'QT_DEPRECATED_VERSION_X_6_9'
  213 | # define QT_DEPRECATED_VERSION_X_6_9(text) QT_DEPRECATED_X(text)
      |                                            ^
/Users/calebbuahin/Qt/6.9.3/macos/lib/QtCore.framework/Headers/qtdeprecationmarkers.h:29:33: note: expanded from macro 'QT_DEPRECATED_X'
   29 | #  define QT_DEPRECATED_X(text) Q_DECL_DEPRECATED_X(text)
      |                                 ^
/Users/calebbuahin/Qt/6.9.3/macos/lib/QtCore.framework/Headers/qcompilerdetection.h:1011:36: note: expanded from macro 'Q_DECL_DEPRECATED_X'
 1011 | #  define Q_DECL_DEPRECATED_X(x) [[deprecated(x)]]
      |                                    ^
In file included from /Users/calebbuahin/Documents/Projects/cbuahin_github/openswmm.gui/src/swmmvis.cpp:132:
/Users/calebbuahin/Documents/Projects/cbuahin_github/openswmm.gui/include/layers/swmmresultslayer.h:407:55: warning: 'renderer' overrides a member function but is not marked 'override' [-Winconsistent-missing-override]
  407 |     [[nodiscard]] OpenSWMM::Render::IFeatureRenderer *renderer() const;
      |                                                       ^
/Users/calebbuahin/Documents/Projects/cbuahin_github/openswmm.gui/include/layers/openswmmvislayer.h:434:63: note: overridden virtual function is here
  434 |     [[nodiscard]] virtual OpenSWMM::Render::IFeatureRenderer *renderer() const { return nullptr; }
      |                                                               ^
In file included from /Users/calebbuahin/Documents/Projects/cbuahin_github/openswmm.gui/src/swmmvis.cpp:132:
/Users/calebbuahin/Documents/Projects/cbuahin_github/openswmm.gui/include/layers/swmmresultslayer.h:416:10: warning: 'setRenderer' overrides a member function but is not marked 'override' [-Winconsistent-missing-override]
  416 |     void setRenderer(std::unique_ptr<OpenSWMM::Render::IFeatureRenderer> r);
      |          ^
/Users/calebbuahin/Documents/Projects/cbuahin_github/openswmm.gui/include/layers/openswmmvislayer.h:440:18: note: overridden virtual function is here
  440 |     virtual void setRenderer(std::unique_ptr<OpenSWMM::Render::IFeatureRenderer>);
      |                  ^
In file included from /Users/calebbuahin/Documents/Projects/cbuahin_github/openswmm.gui/src/swmmvis.cpp:187:
/Users/calebbuahin/Documents/Projects/cbuahin_github/openswmm.gui/include/layers/swmm2dresultslayer.h:503:55: warning: 'renderer' overrides a member function but is not marked 'override' [-Winconsistent-missing-override]
  503 |     [[nodiscard]] OpenSWMM::Render::IFeatureRenderer *renderer() const;
      |                                                       ^
/Users/calebbuahin/Documents/Projects/cbuahin_github/openswmm.gui/include/layers/openswmmvislayer.h:434:63: note: overridden virtual function is here
  434 |     [[nodiscard]] virtual OpenSWMM::Render::IFeatureRenderer *renderer() const { return nullptr; }
      |                                                               ^
In file included from /Users/calebbuahin/Documents/Projects/cbuahin_github/openswmm.gui/src/swmmvis.cpp:187:
/Users/calebbuahin/Documents/Projects/cbuahin_github/openswmm.gui/include/layers/swmm2dresultslayer.h:511:10: warning: 'setRenderer' overrides a member function but is not marked 'override' [-Winconsistent-missing-override]
  511 |     void setRenderer(std::unique_ptr<OpenSWMM::Render::IFeatureRenderer> r);
      |          ^
/Users/calebbuahin/Documents/Projects/cbuahin_github/openswmm.gui/include/layers/openswmmvislayer.h:440:18: note: overridden virtual function is here
  440 |     virtual void setRenderer(std::unique_ptr<OpenSWMM::Render::IFeatureRenderer>);
      |                  ^
8 warnings generated.
[12/216] Building CXX object CMakeFiles/SWMMVis.dir/src/core/unitsystem.cpp.o
[13/216] Building CXX object CMakeFiles/SWMMVis.dir/src/core/queryparser.cpp.o
[14/216] Building CXX object CMakeFiles/SWMMVis.dir/src/core/crsreproject.cpp.o
[15/216] Building CXX object CMakeFiles/SWMMVis.dir/src/selection/selectionops.cpp.o
[16/216] Building CXX object CMakeFiles/SWMMVis.dir/src/animation/animationcontroller.cpp.o
In file included from /Users/calebbuahin/Documents/Projects/cbuahin_github/openswmm.gui/src/animation/animationcontroller.cpp:7:
In file included from /Users/calebbuahin/Documents/Projects/cbuahin_github/openswmm.gui/include/animation/animationcontroller.h:33:
/Users/calebbuahin/Documents/Projects/cbuahin_github/openswmm.gui/include/layers/swmm2dresultslayer.h:503:55: warning: 'renderer' overrides a member function but is not marked 'override' [-Winconsistent-missing-override]
  503 |     [[nodiscard]] OpenSWMM::Render::IFeatureRenderer *renderer() const;
      |                                                       ^
/Users/calebbuahin/Documents/Projects/cbuahin_github/openswmm.gui/include/layers/openswmmvislayer.h:434:63: note: overridden virtual function is here
  434 |     [[nodiscard]] virtual OpenSWMM::Render::IFeatureRenderer *renderer() const { return nullptr; }
      |                                                               ^
In file included from /Users/calebbuahin/Documents/Projects/cbuahin_github/openswmm.gui/src/animation/animationcontroller.cpp:7:
In file included from /Users/calebbuahin/Documents/Projects/cbuahin_github/openswmm.gui/include/animation/animationcontroller.h:33:
/Users/calebbuahin/Documents/Projects/cbuahin_github/openswmm.gui/include/layers/swmm2dresultslayer.h:511:10: warning: 'setRenderer' overrides a member function but is not marked 'override' [-Winconsistent-missing-override]
  511 |     void setRenderer(std::unique_ptr<OpenSWMM::Render::IFeatureRenderer> r);
      |          ^
/Users/calebbuahin/Documents/Projects/cbuahin_github/openswmm.gui/include/layers/openswmmvislayer.h:440:18: note: overridden virtual function is here
  440 |     virtual void setRenderer(std::unique_ptr<OpenSWMM::Render::IFeatureRenderer>);
      |                  ^
In file included from /Users/calebbuahin/Documents/Projects/cbuahin_github/openswmm.gui/src/animation/animationcontroller.cpp:8:
/Users/calebbuahin/Documents/Projects/cbuahin_github/openswmm.gui/include/layers/swmmresultslayer.h:407:55: warning: 'renderer' overrides a member function but is not marked 'override' [-Winconsistent-missing-override]
  407 |     [[nodiscard]] OpenSWMM::Render::IFeatureRenderer *renderer() const;
      |                                                       ^
/Users/calebbuahin/Documents/Projects/cbuahin_github/openswmm.gui/include/layers/openswmmvislayer.h:434:63: note: overridden virtual function is here
  434 |     [[nodiscard]] virtual OpenSWMM::Render::IFeatureRenderer *renderer() const { return nullptr; }
      |                                                               ^
In file included from /Users/calebbuahin/Documents/Projects/cbuahin_github/openswmm.gui/src/animation/animationcontroller.cpp:8:
/Users/calebbuahin/Documents/Projects/cbuahin_github/openswmm.gui/include/layers/swmmresultslayer.h:416:10: warning: 'setRenderer' overrides a member function but is not marked 'override' [-Winconsistent-missing-override]
  416 |     void setRenderer(std::unique_ptr<OpenSWMM::Render::IFeatureRenderer> r);
      |          ^
/Users/calebbuahin/Documents/Projects/cbuahin_github/openswmm.gui/include/layers/openswmmvislayer.h:440:18: note: overridden virtual function is here
  440 |     virtual void setRenderer(std::unique_ptr<OpenSWMM::Render::IFeatureRenderer>);
      |                  ^
4 warnings generated.
[17/216] Building CXX object CMakeFiles/SWMMVis.dir/src/render/stylefileio.cpp.o
In file included from /Users/calebbuahin/Documents/Projects/cbuahin_github/openswmm.gui/src/render/stylefileio.cpp:9:
/Users/calebbuahin/Documents/Projects/cbuahin_github/openswmm.gui/include/layers/gisvectorlayer.h:270:55: warning: 'renderer' overrides a member function but is not marked 'override' [-Winconsistent-missing-override]
  270 |     [[nodiscard]] OpenSWMM::Render::IFeatureRenderer *renderer() const;
      |                                                       ^
/Users/calebbuahin/Documents/Projects/cbuahin_github/openswmm.gui/include/layers/openswmmvislayer.h:434:63: note: overridden virtual function is here
  434 |     [[nodiscard]] virtual OpenSWMM::Render::IFeatureRenderer *renderer() const { return nullptr; }
      |                                                               ^
In file included from /Users/calebbuahin/Documents/Projects/cbuahin_github/openswmm.gui/src/render/stylefileio.cpp:9:
/Users/calebbuahin/Documents/Projects/cbuahin_github/openswmm.gui/include/layers/gisvectorlayer.h:278:10: warning: 'setRenderer' overrides a member function but is not marked 'override' [-Winconsistent-missing-override]
  278 |     void setRenderer(std::unique_ptr<OpenSWMM::Render::IFeatureRenderer> r);
      |          ^
/Users/calebbuahin/Documents/Projects/cbuahin_github/openswmm.gui/include/layers/openswmmvislayer.h:440:18: note: overridden virtual function is here
  440 |     virtual void setRenderer(std::unique_ptr<OpenSWMM::Render::IFeatureRenderer>);
      |                  ^
In file included from /Users/calebbuahin/Documents/Projects/cbuahin_github/openswmm.gui/src/render/stylefileio.cpp:12:
/Users/calebbuahin/Documents/Projects/cbuahin_github/openswmm.gui/include/layers/swmmresultslayer.h:407:55: warning: 'renderer' overrides a member function but is not marked 'override' [-Winconsistent-missing-override]
  407 |     [[nodiscard]] OpenSWMM::Render::IFeatureRenderer *renderer() const;
      |                                                       ^
/Users/calebbuahin/Documents/Projects/cbuahin_github/openswmm.gui/include/layers/openswmmvislayer.h:434:63: note: overridden virtual function is here
  434 |     [[nodiscard]] virtual OpenSWMM::Render::IFeatureRenderer *renderer() const { return nullptr; }
      |                                                               ^
In file included from /Users/calebbuahin/Documents/Projects/cbuahin_github/openswmm.gui/src/render/stylefileio.cpp:12:
/Users/calebbuahin/Documents/Projects/cbuahin_github/openswmm.gui/include/layers/swmmresultslayer.h:416:10: warning: 'setRenderer' overrides a member function but is not marked 'override' [-Winconsistent-missing-override]
  416 |     void setRenderer(std::unique_ptr<OpenSWMM::Render::IFeatureRenderer> r);
      |          ^
/Users/calebbuahin/Documents/Projects/cbuahin_github/openswmm.gui/include/layers/openswmmvislayer.h:440:18: note: overridden virtual function is here
  440 |     virtual void setRenderer(std::unique_ptr<OpenSWMM::Render::IFeatureRenderer>);
      |                  ^
4 warnings generated.
[18/216] Building CXX object CMakeFiles/SWMMVis.dir/src/render/attributecandidates.cpp.o
[19/216] Building CXX object CMakeFiles/SWMMVis.dir/src/render/sublayers/meshfillsublayer.cpp.o
[20/216] Building CXX object CMakeFiles/SWMMVis.dir/src/render/sublayers/meshedgesublayer.cpp.o
[21/216] Building CXX object CMakeFiles/SWMMVis.dir/SWMMVis_autogen/mocs_compilation.cpp.o
In file included from /Users/calebbuahin/Documents/Projects/cbuahin_github/openswmm.gui/build/SWMMVis_autogen/mocs_compilation.cpp:2:
In file included from /Users/calebbuahin/Documents/Projects/cbuahin_github/openswmm.gui/build/SWMMVis_autogen/OIPJVC6G2U/moc_animationcontroller.cpp:9:
In file included from /Users/calebbuahin/Documents/Projects/cbuahin_github/openswmm.gui/build/SWMMVis_autogen/OIPJVC6G2U/../../../include/animation/animationcontroller.h:33:
/Users/calebbuahin/Documents/Projects/cbuahin_github/openswmm.gui/include/layers/swmm2dresultslayer.h:503:55: warning: 'renderer' overrides a member function but is not marked 'override' [-Winconsistent-missing-override]
  503 |     [[nodiscard]] OpenSWMM::Render::IFeatureRenderer *renderer() const;
      |                                                       ^
/Users/calebbuahin/Documents/Projects/cbuahin_github/openswmm.gui/include/layers/openswmmvislayer.h:434:63: note: overridden virtual function is here
  434 |     [[nodiscard]] virtual OpenSWMM::Render::IFeatureRenderer *renderer() const { return nullptr; }
      |                                                               ^
In file included from /Users/calebbuahin/Documents/Projects/cbuahin_github/openswmm.gui/build/SWMMVis_autogen/mocs_compilation.cpp:2:
In file included from /Users/calebbuahin/Documents/Projects/cbuahin_github/openswmm.gui/build/SWMMVis_autogen/OIPJVC6G2U/moc_animationcontroller.cpp:9:
In file included from /Users/calebbuahin/Documents/Projects/cbuahin_github/openswmm.gui/build/SWMMVis_autogen/OIPJVC6G2U/../../../include/animation/animationcontroller.h:33:
/Users/calebbuahin/Documents/Projects/cbuahin_github/openswmm.gui/include/layers/swmm2dresultslayer.h:511:10: warning: 'setRenderer' overrides a member function but is not marked 'override' [-Winconsistent-missing-override]
  511 |     void setRenderer(std::unique_ptr<OpenSWMM::Render::IFeatureRenderer> r);
      |          ^
/Users/calebbuahin/Documents/Projects/cbuahin_github/openswmm.gui/include/layers/openswmmvislayer.h:440:18: note: overridden virtual function is here
  440 |     virtual void setRenderer(std::unique_ptr<OpenSWMM::Render::IFeatureRenderer>);
      |                  ^
In file included from /Users/calebbuahin/Documents/Projects/cbuahin_github/openswmm.gui/build/SWMMVis_autogen/mocs_compilation.cpp:27:
In file included from /Users/calebbuahin/Documents/Projects/cbuahin_github/openswmm.gui/build/SWMMVis_autogen/QBVQJYMK6I/moc_gisvectorlayer.cpp:9:
/Users/calebbuahin/Documents/Projects/cbuahin_github/openswmm.gui/build/SWMMVis_autogen/QBVQJYMK6I/../../../include/layers/gisvectorlayer.h:270:55: warning: 'renderer' overrides a member function but is not marked 'override' [-Winconsistent-missing-override]
  270 |     [[nodiscard]] OpenSWMM::Render::IFeatureRenderer *renderer() const;
      |                                                       ^
/Users/calebbuahin/Documents/Projects/cbuahin_github/openswmm.gui/include/layers/openswmmvislayer.h:434:63: note: overridden virtual function is here
  434 |     [[nodiscard]] virtual OpenSWMM::Render::IFeatureRenderer *renderer() const { return nullptr; }
      |                                                               ^
In file included from /Users/calebbuahin/Documents/Projects/cbuahin_github/openswmm.gui/build/SWMMVis_autogen/mocs_compilation.cpp:27:
In file included from /Users/calebbuahin/Documents/Projects/cbuahin_github/openswmm.gui/build/SWMMVis_autogen/QBVQJYMK6I/moc_gisvectorlayer.cpp:9:
/Users/calebbuahin/Documents/Projects/cbuahin_github/openswmm.gui/build/SWMMVis_autogen/QBVQJYMK6I/../../../include/layers/gisvectorlayer.h:278:10: warning: 'setRenderer' overrides a member function but is not marked 'override' [-Winconsistent-missing-override]
  278 |     void setRenderer(std::unique_ptr<OpenSWMM::Render::IFeatureRenderer> r);
      |          ^
/Users/calebbuahin/Documents/Projects/cbuahin_github/openswmm.gui/include/layers/openswmmvislayer.h:440:18: note: overridden virtual function is here
  440 |     virtual void setRenderer(std::unique_ptr<OpenSWMM::Render::IFeatureRenderer>);
      |                  ^
In file included from /Users/calebbuahin/Documents/Projects/cbuahin_github/openswmm.gui/build/SWMMVis_autogen/mocs_compilation.cpp:35:
In file included from /Users/calebbuahin/Documents/Projects/cbuahin_github/openswmm.gui/build/SWMMVis_autogen/QBVQJYMK6I/moc_swmmresultslayer.cpp:9:
/Users/calebbuahin/Documents/Projects/cbuahin_github/openswmm.gui/build/SWMMVis_autogen/QBVQJYMK6I/../../../include/layers/swmmresultslayer.h:407:55: warning: 'renderer' overrides a member function but is not marked 'override' [-Winconsistent-missing-override]
  407 |     [[nodiscard]] OpenSWMM::Render::IFeatureRenderer *renderer() const;
      |                                                       ^
/Users/calebbuahin/Documents/Projects/cbuahin_github/openswmm.gui/include/layers/openswmmvislayer.h:434:63: note: overridden virtual function is here
  434 |     [[nodiscard]] virtual OpenSWMM::Render::IFeatureRenderer *renderer() const { return nullptr; }
      |                                                               ^
In file included from /Users/calebbuahin/Documents/Projects/cbuahin_github/openswmm.gui/build/SWMMVis_autogen/mocs_compilation.cpp:35:
In file included from /Users/calebbuahin/Documents/Projects/cbuahin_github/openswmm.gui/build/SWMMVis_autogen/QBVQJYMK6I/moc_swmmresultslayer.cpp:9:
/Users/calebbuahin/Documents/Projects/cbuahin_github/openswmm.gui/build/SWMMVis_autogen/QBVQJYMK6I/../../../include/layers/swmmresultslayer.h:416:10: warning: 'setRenderer' overrides a member function but is not marked 'override' [-Winconsistent-missing-override]
  416 |     void setRenderer(std::unique_ptr<OpenSWMM::Render::IFeatureRenderer> r);
      |          ^
/Users/calebbuahin/Documents/Projects/cbuahin_github/openswmm.gui/include/layers/openswmmvislayer.h:440:18: note: overridden virtual function is here
  440 |     virtual void setRenderer(std::unique_ptr<OpenSWMM::Render::IFeatureRenderer>);
      |                  ^
6 warnings generated.
[22/216] Building CXX object CMakeFiles/SWMMVis.dir/src/plot/profilenetworkadapter_model.cpp.o
[23/216] Building CXX object CMakeFiles/SWMMVis.dir/src/plot/profileattributesampler.cpp.o
In file included from /Users/calebbuahin/Documents/Projects/cbuahin_github/openswmm.gui/src/plot/profileattributesampler.cpp:11:
/Users/calebbuahin/Documents/Projects/cbuahin_github/openswmm.gui/include/layers/swmmresultslayer.h:407:55: warning: 'renderer' overrides a member function but is not marked 'override' [-Winconsistent-missing-override]
  407 |     [[nodiscard]] OpenSWMM::Render::IFeatureRenderer *renderer() const;
      |                                                       ^
/Users/calebbuahin/Documents/Projects/cbuahin_github/openswmm.gui/include/layers/openswmmvislayer.h:434:63: note: overridden virtual function is here
  434 |     [[nodiscard]] virtual OpenSWMM::Render::IFeatureRenderer *renderer() const { return nullptr; }
      |                                                               ^
In file included from /Users/calebbuahin/Documents/Projects/cbuahin_github/openswmm.gui/src/plot/profileattributesampler.cpp:11:
/Users/calebbuahin/Documents/Projects/cbuahin_github/openswmm.gui/include/layers/swmmresultslayer.h:416:10: warning: 'setRenderer' overrides a member function but is not marked 'override' [-Winconsistent-missing-override]
  416 |     void setRenderer(std::unique_ptr<OpenSWMM::Render::IFeatureRenderer> r);
      |          ^
/Users/calebbuahin/Documents/Projects/cbuahin_github/openswmm.gui/include/layers/openswmmvislayer.h:440:18: note: overridden virtual function is here
  440 |     virtual void setRenderer(std::unique_ptr<OpenSWMM::Render::IFeatureRenderer>);
      |                  ^
2 warnings generated.
[24/216] Building CXX object CMakeFiles/SWMMVis.dir/src/plot/profileplotoptions.cpp.o
[25/216] Building CXX object CMakeFiles/SWMMVis.dir/src/plot/meshprofileplotoptions.cpp.o
[26/216] Building CXX object CMakeFiles/SWMMVis.dir/src/plot/meshprofilesampler.cpp.o
In file included from /Users/calebbuahin/Documents/Projects/cbuahin_github/openswmm.gui/src/plot/meshprofilesampler.cpp:10:
/Users/calebbuahin/Documents/Projects/cbuahin_github/openswmm.gui/include/layers/swmm2dresultslayer.h:503:55: warning: 'renderer' overrides a member function but is not marked 'override' [-Winconsistent-missing-override]
  503 |     [[nodiscard]] OpenSWMM::Render::IFeatureRenderer *renderer() const;
      |                                                       ^
/Users/calebbuahin/Documents/Projects/cbuahin_github/openswmm.gui/include/layers/openswmmvislayer.h:434:63: note: overridden virtual function is here
  434 |     [[nodiscard]] virtual OpenSWMM::Render::IFeatureRenderer *renderer() const { return nullptr; }
      |                                                               ^
In file included from /Users/calebbuahin/Documents/Projects/cbuahin_github/openswmm.gui/src/plot/meshprofilesampler.cpp:10:
/Users/calebbuahin/Documents/Projects/cbuahin_github/openswmm.gui/include/layers/swmm2dresultslayer.h:511:10: warning: 'setRenderer' overrides a member function but is not marked 'override' [-Winconsistent-missing-override]
  511 |     void setRenderer(std::unique_ptr<OpenSWMM::Render::IFeatureRenderer> r);
      |          ^
/Users/calebbuahin/Documents/Projects/cbuahin_github/openswmm.gui/include/layers/openswmmvislayer.h:440:18: note: overridden virtual function is here
  440 |     virtual void setRenderer(std::unique_ptr<OpenSWMM::Render::IFeatureRenderer>);
      |                  ^
2 warnings generated.
[27/216] Building CXX object CMakeFiles/SWMMVis.dir/src/plot/profilesourcefetcher.cpp.o
In file included from /Users/calebbuahin/Documents/Projects/cbuahin_github/openswmm.gui/src/plot/profilesourcefetcher.cpp:9:
/Users/calebbuahin/Documents/Projects/cbuahin_github/openswmm.gui/include/layers/swmmresultslayer.h:407:55: warning: 'renderer' overrides a member function but is not marked 'override' [-Winconsistent-missing-override]
  407 |     [[nodiscard]] OpenSWMM::Render::IFeatureRenderer *renderer() const;
      |                                                       ^
/Users/calebbuahin/Documents/Projects/cbuahin_github/openswmm.gui/include/layers/openswmmvislayer.h:434:63: note: overridden virtual function is here
  434 |     [[nodiscard]] virtual OpenSWMM::Render::IFeatureRenderer *renderer() const { return nullptr; }
      |                                                               ^
In file included from /Users/calebbuahin/Documents/Projects/cbuahin_github/openswmm.gui/src/plot/profilesourcefetcher.cpp:9:
/Users/calebbuahin/Documents/Projects/cbuahin_github/openswmm.gui/include/layers/swmmresultslayer.h:416:10: warning: 'setRenderer' overrides a member function but is not marked 'override' [-Winconsistent-missing-override]
  416 |     void setRenderer(std::unique_ptr<OpenSWMM::Render::IFeatureRenderer> r);
      |          ^
/Users/calebbuahin/Documents/Projects/cbuahin_github/openswmm.gui/include/layers/openswmmvislayer.h:440:18: note: overridden virtual function is here
  440 |     virtual void setRenderer(std::unique_ptr<OpenSWMM::Render::IFeatureRenderer>);
      |                  ^
2 warnings generated.
[28/216] Building CXX object CMakeFiles/SWMMVis.dir/src/plot/chartproperties.cpp.o
[29/216] Building CXX object CMakeFiles/SWMMVis.dir/src/plot/swmmoutrunlayer_codes.cpp.o
[30/216] Building CXX object CMakeFiles/SWMMVis.dir/src/plot/swmmoutrunlayer.cpp.o
In file included from /Users/calebbuahin/Documents/Projects/cbuahin_github/openswmm.gui/src/plot/swmmoutrunlayer.cpp:9:
/Users/calebbuahin/Documents/Projects/cbuahin_github/openswmm.gui/include/layers/swmmresultslayer.h:407:55: warning: 'renderer' overrides a member function but is not marked 'override' [-Winconsistent-missing-override]
  407 |     [[nodiscard]] OpenSWMM::Render::IFeatureRenderer *renderer() const;
      |                                                       ^
/Users/calebbuahin/Documents/Projects/cbuahin_github/openswmm.gui/include/layers/openswmmvislayer.h:434:63: note: overridden virtual function is here
  434 |     [[nodiscard]] virtual OpenSWMM::Render::IFeatureRenderer *renderer() const { return nullptr; }
      |                                                               ^
In file included from /Users/calebbuahin/Documents/Projects/cbuahin_github/openswmm.gui/src/plot/swmmoutrunlayer.cpp:9:
/Users/calebbuahin/Documents/Projects/cbuahin_github/openswmm.gui/include/layers/swmmresultslayer.h:416:10: warning: 'setRenderer' overrides a member function but is not marked 'override' [-Winconsistent-missing-override]
  416 |     void setRenderer(std::unique_ptr<OpenSWMM::Render::IFeatureRenderer> r);
      |          ^
/Users/calebbuahin/Documents/Projects/cbuahin_github/openswmm.gui/include/layers/openswmmvislayer.h:440:18: note: overridden virtual function is here
  440 |     virtual void setRenderer(std::unique_ptr<OpenSWMM::Render::IFeatureRenderer>);
      |                  ^
2 warnings generated.
[31/216] Building CXX object CMakeFiles/SWMMVis.dir/src/plot/mesh2drunlayer.cpp.o
In file included from /Users/calebbuahin/Documents/Projects/cbuahin_github/openswmm.gui/src/plot/mesh2drunlayer.cpp:9:
/Users/calebbuahin/Documents/Projects/cbuahin_github/openswmm.gui/include/core/swmmdatetime.h:61:12: warning: 'QDateTime' is deprecated: Pass QTimeZone instead [-Wdeprecated-declarations]
   61 |     return QDateTime(date, QTime(h, mi, s), Qt::UTC);
      |            ^
/Users/calebbuahin/Qt/6.9.3/macos/lib/QtCore.framework/Headers/qdatetime.h:361:5: note: 'QDateTime' has been explicitly marked deprecated here
  361 |     QT_DEPRECATED_VERSION_X_6_9("Pass QTimeZone instead")
      |     ^
/Users/calebbuahin/Qt/6.9.3/macos/lib/QtCore.framework/Headers/qtdeprecationmarkers.h:213:44: note: expanded from macro 'QT_DEPRECATED_VERSION_X_6_9'
  213 | # define QT_DEPRECATED_VERSION_X_6_9(text) QT_DEPRECATED_X(text)
      |                                            ^
/Users/calebbuahin/Qt/6.9.3/macos/lib/QtCore.framework/Headers/qtdeprecationmarkers.h:29:33: note: expanded from macro 'QT_DEPRECATED_X'
   29 | #  define QT_DEPRECATED_X(text) Q_DECL_DEPRECATED_X(text)
      |                                 ^
/Users/calebbuahin/Qt/6.9.3/macos/lib/QtCore.framework/Headers/qcompilerdetection.h:1011:36: note: expanded from macro 'Q_DECL_DEPRECATED_X'
 1011 | #  define Q_DECL_DEPRECATED_X(x) [[deprecated(x)]]
      |                                    ^
In file included from /Users/calebbuahin/Documents/Projects/cbuahin_github/openswmm.gui/src/plot/mesh2drunlayer.cpp:9:
/Users/calebbuahin/Documents/Projects/cbuahin_github/openswmm.gui/include/core/swmmdatetime.h:61:12: warning: 'QDateTime' is deprecated: Pass QTimeZone instead [-Wdeprecated-declarations]
   61 |     return QDateTime(date, QTime(h, mi, s), Qt::UTC);
      |            ^
/Users/calebbuahin/Qt/6.9.3/macos/lib/QtCore.framework/Headers/qdatetime.h:361:5: note: 'QDateTime' has been explicitly marked deprecated here
  361 |     QT_DEPRECATED_VERSION_X_6_9("Pass QTimeZone instead")
      |     ^
/Users/calebbuahin/Qt/6.9.3/macos/lib/QtCore.framework/Headers/qtdeprecationmarkers.h:213:44: note: expanded from macro 'QT_DEPRECATED_VERSION_X_6_9'
  213 | # define QT_DEPRECATED_VERSION_X_6_9(text) QT_DEPRECATED_X(text)
      |                                            ^
/Users/calebbuahin/Qt/6.9.3/macos/lib/QtCore.framework/Headers/qtdeprecationmarkers.h:29:33: note: expanded from macro 'QT_DEPRECATED_X'
   29 | #  define QT_DEPRECATED_X(text) Q_DECL_DEPRECATED_X(text)
      |                                 ^
/Users/calebbuahin/Qt/6.9.3/macos/lib/QtCore.framework/Headers/qcompilerdetection.h:1011:36: note: expanded from macro 'Q_DECL_DEPRECATED_X'
 1011 | #  define Q_DECL_DEPRECATED_X(x) [[deprecated(x)]]
      |                                    ^
In file included from /Users/calebbuahin/Documents/Projects/cbuahin_github/openswmm.gui/src/plot/mesh2drunlayer.cpp:10:
/Users/calebbuahin/Documents/Projects/cbuahin_github/openswmm.gui/include/layers/swmm2dresultslayer.h:503:55: warning: 'renderer' overrides a member function but is not marked 'override' [-Winconsistent-missing-override]
  503 |     [[nodiscard]] OpenSWMM::Render::IFeatureRenderer *renderer() const;
      |                                                       ^
/Users/calebbuahin/Documents/Projects/cbuahin_github/openswmm.gui/include/layers/openswmmvislayer.h:434:63: note: overridden virtual function is here
  434 |     [[nodiscard]] virtual OpenSWMM::Render::IFeatureRenderer *renderer() const { return nullptr; }
      |                                                               ^
In file included from /Users/calebbuahin/Documents/Projects/cbuahin_github/openswmm.gui/src/plot/mesh2drunlayer.cpp:10:
/Users/calebbuahin/Documents/Projects/cbuahin_github/openswmm.gui/include/layers/swmm2dresultslayer.h:511:10: warning: 'setRenderer' overrides a member function but is not marked 'override' [-Winconsistent-missing-override]
  511 |     void setRenderer(std::unique_ptr<OpenSWMM::Render::IFeatureRenderer> r);
      |          ^
/Users/calebbuahin/Documents/Projects/cbuahin_github/openswmm.gui/include/layers/openswmmvislayer.h:440:18: note: overridden virtual function is here
  440 |     virtual void setRenderer(std::unique_ptr<OpenSWMM::Render::IFeatureRenderer>);
      |                  ^
4 warnings generated.
[32/216] Building CXX object CMakeFiles/SWMMVis.dir/src/layers/hydrographmodels.cpp.o
[33/216] Building CXX object CMakeFiles/SWMMVis.dir/src/layers/gisrasterlayer.cpp.o
/Users/calebbuahin/Documents/Projects/cbuahin_github/openswmm.gui/src/layers/gisrasterlayer.cpp:1495:9: warning: ignoring return value of function declared with 'warn_unused_result' attribute [-Wunused-result]
 1495 |         dstDS->GetRasterBand(1)->RasterIO(GF_Read, 0, 0, pixelWidth, pixelHeight,
      |         ^~~~~~~~~~~~~~~~~~~~~~~~~~~~~~~~~
/Users/calebbuahin/Documents/Projects/cbuahin_github/openswmm.gui/src/layers/gisrasterlayer.cpp:1497:9: warning: ignoring return value of function declared with 'warn_unused_result' attribute [-Wunused-result]
 1497 |         dstDS->GetRasterBand(2)->RasterIO(GF_Read, 0, 0, pixelWidth, pixelHeight,
      |         ^~~~~~~~~~~~~~~~~~~~~~~~~~~~~~~~~
/Users/calebbuahin/Documents/Projects/cbuahin_github/openswmm.gui/src/layers/gisrasterlayer.cpp:1499:9: warning: ignoring return value of function declared with 'warn_unused_result' attribute [-Wunused-result]
 1499 |         dstDS->GetRasterBand(3)->RasterIO(GF_Read, 0, 0, pixelWidth, pixelHeight,
      |         ^~~~~~~~~~~~~~~~~~~~~~~~~~~~~~~~~
/Users/calebbuahin/Documents/Projects/cbuahin_github/openswmm.gui/src/layers/gisrasterlayer.cpp:1503:13: warning: ignoring return value of function declared with 'warn_unused_result' attribute [-Wunused-result]
 1503 |             dstDS->GetRasterBand(4)->RasterIO(GF_Read, 0, 0, pixelWidth, pixelHeight,
      |             ^~~~~~~~~~~~~~~~~~~~~~~~~~~~~~~~~
/Users/calebbuahin/Documents/Projects/cbuahin_github/openswmm.gui/src/layers/gisrasterlayer.cpp:1522:9: warning: ignoring return value of function declared with 'warn_unused_result' attribute [-Wunused-result]
 1522 |         dstDS->GetRasterBand(1)->RasterIO(
      |         ^~~~~~~~~~~~~~~~~~~~~~~~~~~~~~~~~
5 warnings generated.
[34/216] Building CXX object CMakeFiles/SWMMVis.dir/src/map/mapundostack.cpp.o
[35/216] Building CXX object CMakeFiles/SWMMVis.dir/src/map/mapcanvas.cpp.o
In file included from /Users/calebbuahin/Documents/Projects/cbuahin_github/openswmm.gui/src/map/mapcanvas.cpp:30:
/Users/calebbuahin/Documents/Projects/cbuahin_github/openswmm.gui/include/layers/swmm2dresultslayer.h:503:55: warning: 'renderer' overrides a member function but is not marked 'override' [-Winconsistent-missing-override]
  503 |     [[nodiscard]] OpenSWMM::Render::IFeatureRenderer *renderer() const;
      |                                                       ^
/Users/calebbuahin/Documents/Projects/cbuahin_github/openswmm.gui/include/layers/openswmmvislayer.h:434:63: note: overridden virtual function is here
  434 |     [[nodiscard]] virtual OpenSWMM::Render::IFeatureRenderer *renderer() const { return nullptr; }
      |                                                               ^
In file included from /Users/calebbuahin/Documents/Projects/cbuahin_github/openswmm.gui/src/map/mapcanvas.cpp:30:
/Users/calebbuahin/Documents/Projects/cbuahin_github/openswmm.gui/include/layers/swmm2dresultslayer.h:511:10: warning: 'setRenderer' overrides a member function but is not marked 'override' [-Winconsistent-missing-override]
  511 |     void setRenderer(std::unique_ptr<OpenSWMM::Render::IFeatureRenderer> r);
      |          ^
/Users/calebbuahin/Documents/Projects/cbuahin_github/openswmm.gui/include/layers/openswmmvislayer.h:440:18: note: overridden virtual function is here
  440 |     virtual void setRenderer(std::unique_ptr<OpenSWMM::Render::IFeatureRenderer>);
      |                  ^
2 warnings generated.
[36/216] Building CXX object CMakeFiles/SWMMVis.dir/src/layers/swmmresultslayer.cpp.o
In file included from /Users/calebbuahin/Documents/Projects/cbuahin_github/openswmm.gui/src/layers/swmmresultslayer.cpp:7:
/Users/calebbuahin/Documents/Projects/cbuahin_github/openswmm.gui/include/layers/swmmresultslayer.h:407:55: warning: 'renderer' overrides a member function but is not marked 'override' [-Winconsistent-missing-override]
  407 |     [[nodiscard]] OpenSWMM::Render::IFeatureRenderer *renderer() const;
      |                                                       ^
/Users/calebbuahin/Documents/Projects/cbuahin_github/openswmm.gui/include/layers/openswmmvislayer.h:434:63: note: overridden virtual function is here
  434 |     [[nodiscard]] virtual OpenSWMM::Render::IFeatureRenderer *renderer() const { return nullptr; }
      |                                                               ^
In file included from /Users/calebbuahin/Documents/Projects/cbuahin_github/openswmm.gui/src/layers/swmmresultslayer.cpp:7:
/Users/calebbuahin/Documents/Projects/cbuahin_github/openswmm.gui/include/layers/swmmresultslayer.h:416:10: warning: 'setRenderer' overrides a member function but is not marked 'override' [-Winconsistent-missing-override]
  416 |     void setRenderer(std::unique_ptr<OpenSWMM::Render::IFeatureRenderer> r);
      |          ^
/Users/calebbuahin/Documents/Projects/cbuahin_github/openswmm.gui/include/layers/openswmmvislayer.h:440:18: note: overridden virtual function is here
  440 |     virtual void setRenderer(std::unique_ptr<OpenSWMM::Render::IFeatureRenderer>);
      |                  ^
In file included from /Users/calebbuahin/Documents/Projects/cbuahin_github/openswmm.gui/src/layers/swmmresultslayer.cpp:8:
/Users/calebbuahin/Documents/Projects/cbuahin_github/openswmm.gui/include/core/swmmdatetime.h:61:12: warning: 'QDateTime' is deprecated: Pass QTimeZone instead [-Wdeprecated-declarations]
   61 |     return QDateTime(date, QTime(h, mi, s), Qt::UTC);
      |            ^
/Users/calebbuahin/Qt/6.9.3/macos/lib/QtCore.framework/Headers/qdatetime.h:361:5: note: 'QDateTime' has been explicitly marked deprecated here
  361 |     QT_DEPRECATED_VERSION_X_6_9("Pass QTimeZone instead")
      |     ^
/Users/calebbuahin/Qt/6.9.3/macos/lib/QtCore.framework/Headers/qtdeprecationmarkers.h:213:44: note: expanded from macro 'QT_DEPRECATED_VERSION_X_6_9'
  213 | # define QT_DEPRECATED_VERSION_X_6_9(text) QT_DEPRECATED_X(text)
      |                                            ^
/Users/calebbuahin/Qt/6.9.3/macos/lib/QtCore.framework/Headers/qtdeprecationmarkers.h:29:33: note: expanded from macro 'QT_DEPRECATED_X'
   29 | #  define QT_DEPRECATED_X(text) Q_DECL_DEPRECATED_X(text)
      |                                 ^
/Users/calebbuahin/Qt/6.9.3/macos/lib/QtCore.framework/Headers/qcompilerdetection.h:1011:36: note: expanded from macro 'Q_DECL_DEPRECATED_X'
 1011 | #  define Q_DECL_DEPRECATED_X(x) [[deprecated(x)]]
      |                                    ^
In file included from /Users/calebbuahin/Documents/Projects/cbuahin_github/openswmm.gui/src/layers/swmmresultslayer.cpp:8:
/Users/calebbuahin/Documents/Projects/cbuahin_github/openswmm.gui/include/core/swmmdatetime.h:61:12: warning: 'QDateTime' is deprecated: Pass QTimeZone instead [-Wdeprecated-declarations]
   61 |     return QDateTime(date, QTime(h, mi, s), Qt::UTC);
      |            ^
/Users/calebbuahin/Qt/6.9.3/macos/lib/QtCore.framework/Headers/qdatetime.h:361:5: note: 'QDateTime' has been explicitly marked deprecated here
  361 |     QT_DEPRECATED_VERSION_X_6_9("Pass QTimeZone instead")
      |     ^
/Users/calebbuahin/Qt/6.9.3/macos/lib/QtCore.framework/Headers/qtdeprecationmarkers.h:213:44: note: expanded from macro 'QT_DEPRECATED_VERSION_X_6_9'
  213 | # define QT_DEPRECATED_VERSION_X_6_9(text) QT_DEPRECATED_X(text)
      |                                            ^
/Users/calebbuahin/Qt/6.9.3/macos/lib/QtCore.framework/Headers/qtdeprecationmarkers.h:29:33: note: expanded from macro 'QT_DEPRECATED_X'
   29 | #  define QT_DEPRECATED_X(text) Q_DECL_DEPRECATED_X(text)
      |                                 ^
/Users/calebbuahin/Qt/6.9.3/macos/lib/QtCore.framework/Headers/qcompilerdetection.h:1011:36: note: expanded from macro 'Q_DECL_DEPRECATED_X'
 1011 | #  define Q_DECL_DEPRECATED_X(x) [[deprecated(x)]]
      |                                    ^
/Users/calebbuahin/Documents/Projects/cbuahin_github/openswmm.gui/src/layers/swmmresultslayer.cpp:1498:5: warning: ignoring return value of function declared with 'nodiscard' attribute: Use QThreadPool::start(Callable&&) if you don't need the returned QFuture [-Wunused-result]
 1498 |     QtConcurrent::run([self, path, totalSteps, outCode]() {
      |     ^~~~~~~~~~~~~~~~~ ~~~~~~~~~~~~~~~~~~~~~~~~~~~~~~~~~~~~~
 1499 |         const auto range = scanRangeBlocking(path, RangeKind::Node, outCode, totalSteps);
      |         ~~~~~~~~~~~~~~~~~~~~~~~~~~~~~~~~~~~~~~~~~~~~~~~~~~~~~~~~~~~~~~~~~~~~~~~~~~~~~~~~~
 1500 |         QMetaObject::invokeMethod(qApp, [self, outCode, range]() {
      |         ~~~~~~~~~~~~~~~~~~~~~~~~~~~~~~~~~~~~~~~~~~~~~~~~~~~~~~~~~~
 1501 |             if (!self) return;
      |             ~~~~~~~~~~~~~~~~~~
 1502 |             self->m_nodeAttributeRange.insert(outCode, range);
      |             ~~~~~~~~~~~~~~~~~~~~~~~~~~~~~~~~~~~~~~~~~~~~~~~~~~
 1503 |             self->m_nodeRangePending.remove(outCode);
      |             ~~~~~~~~~~~~~~~~~~~~~~~~~~~~~~~~~~~~~~~~~
 1504 |             // Gap A2.2 — FixedOverRun renderers classified against the
      |             ~~~~~~~~~~~~~~~~~~~~~~~~~~~~~~~~~~~~~~~~~~~~~~~~~~~~~~~~~~~
 1505 |             // frame showing at install time re-classify with run extremes.
      |             ~~~~~~~~~~~~~~~~~~~~~~~~~~~~~~~~~~~~~~~~~~~~~~~~~~~~~~~~~~~~~~~
 1506 |             self->reclassifyKindsForResolvedRange(0, outCode);
      |             ~~~~~~~~~~~~~~~~~~~~~~~~~~~~~~~~~~~~~~~~~~~~~~~~~~
 1507 |             emit self->repaintRequested();
      |             ~~~~~~~~~~~~~~~~~~~~~~~~~~~~~~
 1508 |         }, Qt::QueuedConnection);
      |         ~~~~~~~~~~~~~~~~~~~~~~~~~
 1509 |     });
      |     ~
/Users/calebbuahin/Documents/Projects/cbuahin_github/openswmm.gui/src/layers/swmmresultslayer.cpp:1527:5: warning: ignoring return value of function declared with 'nodiscard' attribute: Use QThreadPool::start(Callable&&) if you don't need the returned QFuture [-Wunused-result]
 1527 |     QtConcurrent::run([self, path, totalSteps, outCode]() {
      |     ^~~~~~~~~~~~~~~~~ ~~~~~~~~~~~~~~~~~~~~~~~~~~~~~~~~~~~~~
 1528 |         const auto range = scanRangeBlocking(path, RangeKind::Link, outCode, totalSteps);
      |         ~~~~~~~~~~~~~~~~~~~~~~~~~~~~~~~~~~~~~~~~~~~~~~~~~~~~~~~~~~~~~~~~~~~~~~~~~~~~~~~~~
 1529 |         QMetaObject::invokeMethod(qApp, [self, outCode, range]() {
      |         ~~~~~~~~~~~~~~~~~~~~~~~~~~~~~~~~~~~~~~~~~~~~~~~~~~~~~~~~~~
 1530 |             if (!self) return;
      |             ~~~~~~~~~~~~~~~~~~
 1531 |             self->m_linkAttributeRange.insert(outCode, range);
      |             ~~~~~~~~~~~~~~~~~~~~~~~~~~~~~~~~~~~~~~~~~~~~~~~~~~
 1532 |             self->m_linkRangePending.remove(outCode);
      |             ~~~~~~~~~~~~~~~~~~~~~~~~~~~~~~~~~~~~~~~~~
 1533 |             self->reclassifyKindsForResolvedRange(1, outCode);   // Gap A2.2
      |             ~~~~~~~~~~~~~~~~~~~~~~~~~~~~~~~~~~~~~~~~~~~~~~~~~~~~~~~~~~~~~~~~
 1534 |             emit self->repaintRequested();
      |             ~~~~~~~~~~~~~~~~~~~~~~~~~~~~~~
 1535 |         }, Qt::QueuedConnection);
      |         ~~~~~~~~~~~~~~~~~~~~~~~~~
 1536 |     });
      |     ~
/Users/calebbuahin/Documents/Projects/cbuahin_github/openswmm.gui/src/layers/swmmresultslayer.cpp:1554:5: warning: ignoring return value of function declared with 'nodiscard' attribute: Use QThreadPool::start(Callable&&) if you don't need the returned QFuture [-Wunused-result]
 1554 |     QtConcurrent::run([self, path, totalSteps, outCode]() {
      |     ^~~~~~~~~~~~~~~~~ ~~~~~~~~~~~~~~~~~~~~~~~~~~~~~~~~~~~~~
 1555 |         const auto range = scanRangeBlocking(path, RangeKind::Subcatch, outCode, totalSteps);
      |         ~~~~~~~~~~~~~~~~~~~~~~~~~~~~~~~~~~~~~~~~~~~~~~~~~~~~~~~~~~~~~~~~~~~~~~~~~~~~~~~~~~~~~
 1556 |         QMetaObject::invokeMethod(qApp, [self, outCode, range]() {
      |         ~~~~~~~~~~~~~~~~~~~~~~~~~~~~~~~~~~~~~~~~~~~~~~~~~~~~~~~~~~
 1557 |             if (!self) return;
      |             ~~~~~~~~~~~~~~~~~~
 1558 |             self->m_subcatchAttributeRange.insert(outCode, range);
      |             ~~~~~~~~~~~~~~~~~~~~~~~~~~~~~~~~~~~~~~~~~~~~~~~~~~~~~~
 1559 |             self->m_subcatchRangePending.remove(outCode);
      |             ~~~~~~~~~~~~~~~~~~~~~~~~~~~~~~~~~~~~~~~~~~~~~
 1560 |             self->reclassifyKindsForResolvedRange(2, outCode);   // Gap A2.2
      |             ~~~~~~~~~~~~~~~~~~~~~~~~~~~~~~~~~~~~~~~~~~~~~~~~~~~~~~~~~~~~~~~~
 1561 |             emit self->repaintRequested();
      |             ~~~~~~~~~~~~~~~~~~~~~~~~~~~~~~
 1562 |         }, Qt::QueuedConnection);
      |         ~~~~~~~~~~~~~~~~~~~~~~~~~
 1563 |     });
      |     ~
/Users/calebbuahin/Documents/Projects/cbuahin_github/openswmm.gui/src/layers/swmmresultslayer.cpp:2999:5: warning: ignoring return value of function declared with 'nodiscard' attribute: Use QThreadPool::start(Callable&&) if you don't need the returned QFuture [-Wunused-result]
 2999 |     QtConcurrent::run([self, path, kind, outCode, totalSteps]() {
      |     ^~~~~~~~~~~~~~~~~ ~~~~~~~~~~~~~~~~~~~~~~~~~~~~~~~~~~~~~~~~~~~
 3000 |         const auto range = scanRangeBlocking(path, kind, outCode, totalSteps);
      |         ~~~~~~~~~~~~~~~~~~~~~~~~~~~~~~~~~~~~~~~~~~~~~~~~~~~~~~~~~~~~~~~~~~~~~~
 3001 |         QMetaObject::invokeMethod(qApp, [self, range]() {
      |         ~~~~~~~~~~~~~~~~~~~~~~~~~~~~~~~~~~~~~~~~~~~~~~~~~
 3002 |             if (!self) return;
      |             ~~~~~~~~~~~~~~~~~~
 3003 |             self->m_colorRamp.minValue = range.first;
      |             ~~~~~~~~~~~~~~~~~~~~~~~~~~~~~~~~~~~~~~~~~
 3004 |             self->m_colorRamp.maxValue = range.second;
      |             ~~~~~~~~~~~~~~~~~~~~~~~~~~~~~~~~~~~~~~~~~~
 3005 |             emit self->repaintRequested();
      |             ~~~~~~~~~~~~~~~~~~~~~~~~~~~~~~
 3006 |         }, Qt::QueuedConnection);
      |         ~~~~~~~~~~~~~~~~~~~~~~~~~
 3007 |     });
      |     ~
8 warnings generated.
[37/216] Building CXX object CMakeFiles/SWMMVis.dir/src/map/objectdefaultsapplier.cpp.o
[38/216] Building CXX object CMakeFiles/SWMMVis.dir/src/map/importcommands.cpp.o
[39/216] Building CXX object CMakeFiles/SWMMVis.dir/src/layers/swmmmodellayer.cpp.o
[40/216] Building CXX object CMakeFiles/SWMMVis.dir/src/map/meshcommands.cpp.o
[41/216] Building CXX object CMakeFiles/SWMMVis.dir/src/map/legendclasseditcommands.cpp.o
In file included from /Users/calebbuahin/Documents/Projects/cbuahin_github/openswmm.gui/src/map/legendclasseditcommands.cpp:9:
/Users/calebbuahin/Documents/Projects/cbuahin_github/openswmm.gui/include/layers/gisvectorlayer.h:270:55: warning: 'renderer' overrides a member function but is not marked 'override' [-Winconsistent-missing-override]
  270 |     [[nodiscard]] OpenSWMM::Render::IFeatureRenderer *renderer() const;
      |                                                       ^
/Users/calebbuahin/Documents/Projects/cbuahin_github/openswmm.gui/include/layers/openswmmvislayer.h:434:63: note: overridden virtual function is here
  434 |     [[nodiscard]] virtual OpenSWMM::Render::IFeatureRenderer *renderer() const { return nullptr; }
      |                                                               ^
In file included from /Users/calebbuahin/Documents/Projects/cbuahin_github/openswmm.gui/src/map/legendclasseditcommands.cpp:9:
/Users/calebbuahin/Documents/Projects/cbuahin_github/openswmm.gui/include/layers/gisvectorlayer.h:278:10: warning: 'setRenderer' overrides a member function but is not marked 'override' [-Winconsistent-missing-override]
  278 |     void setRenderer(std::unique_ptr<OpenSWMM::Render::IFeatureRenderer> r);
      |          ^
/Users/calebbuahin/Documents/Projects/cbuahin_github/openswmm.gui/include/layers/openswmmvislayer.h:440:18: note: overridden virtual function is here
  440 |     virtual void setRenderer(std::unique_ptr<OpenSWMM::Render::IFeatureRenderer>);
      |                  ^
In file included from /Users/calebbuahin/Documents/Projects/cbuahin_github/openswmm.gui/src/map/legendclasseditcommands.cpp:12:
/Users/calebbuahin/Documents/Projects/cbuahin_github/openswmm.gui/include/layers/swmm2dresultslayer.h:503:55: warning: 'renderer' overrides a member function but is not marked 'override' [-Winconsistent-missing-override]
  503 |     [[nodiscard]] OpenSWMM::Render::IFeatureRenderer *renderer() const;
      |                                                       ^
/Users/calebbuahin/Documents/Projects/cbuahin_github/openswmm.gui/include/layers/openswmmvislayer.h:434:63: note: overridden virtual function is here
  434 |     [[nodiscard]] virtual OpenSWMM::Render::IFeatureRenderer *renderer() const { return nullptr; }
      |                                                               ^
In file included from /Users/calebbuahin/Documents/Projects/cbuahin_github/openswmm.gui/src/map/legendclasseditcommands.cpp:12:
/Users/calebbuahin/Documents/Projects/cbuahin_github/openswmm.gui/include/layers/swmm2dresultslayer.h:511:10: warning: 'setRenderer' overrides a member function but is not marked 'override' [-Winconsistent-missing-override]
  511 |     void setRenderer(std::unique_ptr<OpenSWMM::Render::IFeatureRenderer> r);
      |          ^
/Users/calebbuahin/Documents/Projects/cbuahin_github/openswmm.gui/include/layers/openswmmvislayer.h:440:18: note: overridden virtual function is here
  440 |     virtual void setRenderer(std::unique_ptr<OpenSWMM::Render::IFeatureRenderer>);
      |                  ^
In file included from /Users/calebbuahin/Documents/Projects/cbuahin_github/openswmm.gui/src/map/legendclasseditcommands.cpp:14:
/Users/calebbuahin/Documents/Projects/cbuahin_github/openswmm.gui/include/layers/swmmresultslayer.h:407:55: warning: 'renderer' overrides a member function but is not marked 'override' [-Winconsistent-missing-override]
  407 |     [[nodiscard]] OpenSWMM::Render::IFeatureRenderer *renderer() const;
      |                                                       ^
/Users/calebbuahin/Documents/Projects/cbuahin_github/openswmm.gui/include/layers/openswmmvislayer.h:434:63: note: overridden virtual function is here
  434 |     [[nodiscard]] virtual OpenSWMM::Render::IFeatureRenderer *renderer() const { return nullptr; }
      |                                                               ^
In file included from /Users/calebbuahin/Documents/Projects/cbuahin_github/openswmm.gui/src/map/legendclasseditcommands.cpp:14:
/Users/calebbuahin/Documents/Projects/cbuahin_github/openswmm.gui/include/layers/swmmresultslayer.h:416:10: warning: 'setRenderer' overrides a member function but is not marked 'override' [-Winconsistent-missing-override]
  416 |     void setRenderer(std::unique_ptr<OpenSWMM::Render::IFeatureRenderer> r);
      |          ^
/Users/calebbuahin/Documents/Projects/cbuahin_github/openswmm.gui/include/layers/openswmmvislayer.h:440:18: note: overridden virtual function is here
  440 |     virtual void setRenderer(std::unique_ptr<OpenSWMM::Render::IFeatureRenderer>);
      |                  ^
6 warnings generated.
[42/216] Building CXX object CMakeFiles/SWMMVis.dir/src/map/snapengine.cpp.o
[43/216] Building CXX object CMakeFiles/SWMMVis.dir/src/map/legendcontent.cpp.o
In file included from /Users/calebbuahin/Documents/Projects/cbuahin_github/openswmm.gui/src/map/legendcontent.cpp:10:
/Users/calebbuahin/Documents/Projects/cbuahin_github/openswmm.gui/include/layers/gisvectorlayer.h:270:55: warning: 'renderer' overrides a member function but is not marked 'override' [-Winconsistent-missing-override]
  270 |     [[nodiscard]] OpenSWMM::Render::IFeatureRenderer *renderer() const;
      |                                                       ^
/Users/calebbuahin/Documents/Projects/cbuahin_github/openswmm.gui/include/layers/openswmmvislayer.h:434:63: note: overridden virtual function is here
  434 |     [[nodiscard]] virtual OpenSWMM::Render::IFeatureRenderer *renderer() const { return nullptr; }
      |                                                               ^
In file included from /Users/calebbuahin/Documents/Projects/cbuahin_github/openswmm.gui/src/map/legendcontent.cpp:10:
/Users/calebbuahin/Documents/Projects/cbuahin_github/openswmm.gui/include/layers/gisvectorlayer.h:278:10: warning: 'setRenderer' overrides a member function but is not marked 'override' [-Winconsistent-missing-override]
  278 |     void setRenderer(std::unique_ptr<OpenSWMM::Render::IFeatureRenderer> r);
      |          ^
/Users/calebbuahin/Documents/Projects/cbuahin_github/openswmm.gui/include/layers/openswmmvislayer.h:440:18: note: overridden virtual function is here
  440 |     virtual void setRenderer(std::unique_ptr<OpenSWMM::Render::IFeatureRenderer>);
      |                  ^
In file included from /Users/calebbuahin/Documents/Projects/cbuahin_github/openswmm.gui/src/map/legendcontent.cpp:13:
/Users/calebbuahin/Documents/Projects/cbuahin_github/openswmm.gui/include/layers/swmm2dresultslayer.h:503:55: warning: 'renderer' overrides a member function but is not marked 'override' [-Winconsistent-missing-override]
  503 |     [[nodiscard]] OpenSWMM::Render::IFeatureRenderer *renderer() const;
      |                                                       ^
/Users/calebbuahin/Documents/Projects/cbuahin_github/openswmm.gui/include/layers/openswmmvislayer.h:434:63: note: overridden virtual function is here
  434 |     [[nodiscard]] virtual OpenSWMM::Render::IFeatureRenderer *renderer() const { return nullptr; }
      |                                                               ^
In file included from /Users/calebbuahin/Documents/Projects/cbuahin_github/openswmm.gui/src/map/legendcontent.cpp:13:
/Users/calebbuahin/Documents/Projects/cbuahin_github/openswmm.gui/include/layers/swmm2dresultslayer.h:511:10: warning: 'setRenderer' overrides a member function but is not marked 'override' [-Winconsistent-missing-override]
  511 |     void setRenderer(std::unique_ptr<OpenSWMM::Render::IFeatureRenderer> r);
      |          ^
/Users/calebbuahin/Documents/Projects/cbuahin_github/openswmm.gui/include/layers/openswmmvislayer.h:440:18: note: overridden virtual function is here
  440 |     virtual void setRenderer(std::unique_ptr<OpenSWMM::Render::IFeatureRenderer>);
      |                  ^
In file included from /Users/calebbuahin/Documents/Projects/cbuahin_github/openswmm.gui/src/map/legendcontent.cpp:15:
/Users/calebbuahin/Documents/Projects/cbuahin_github/openswmm.gui/include/layers/swmmresultslayer.h:407:55: warning: 'renderer' overrides a member function but is not marked 'override' [-Winconsistent-missing-override]
  407 |     [[nodiscard]] OpenSWMM::Render::IFeatureRenderer *renderer() const;
      |                                                       ^
/Users/calebbuahin/Documents/Projects/cbuahin_github/openswmm.gui/include/layers/openswmmvislayer.h:434:63: note: overridden virtual function is here
  434 |     [[nodiscard]] virtual OpenSWMM::Render::IFeatureRenderer *renderer() const { return nullptr; }
      |                                                               ^
In file included from /Users/calebbuahin/Documents/Projects/cbuahin_github/openswmm.gui/src/map/legendcontent.cpp:15:
/Users/calebbuahin/Documents/Projects/cbuahin_github/openswmm.gui/include/layers/swmmresultslayer.h:416:10: warning: 'setRenderer' overrides a member function but is not marked 'override' [-Winconsistent-missing-override]
  416 |     void setRenderer(std::unique_ptr<OpenSWMM::Render::IFeatureRenderer> r);
      |          ^
/Users/calebbuahin/Documents/Projects/cbuahin_github/openswmm.gui/include/layers/openswmmvislayer.h:440:18: note: overridden virtual function is here
  440 |     virtual void setRenderer(std::unique_ptr<OpenSWMM::Render::IFeatureRenderer>);
      |                  ^
6 warnings generated.
[44/216] Building CXX object CMakeFiles/SWMMVis.dir/src/map/swmmlayerqsgrenderer.cpp.o
/Users/calebbuahin/Documents/Projects/cbuahin_github/openswmm.gui/src/map/swmmlayerqsgrenderer.cpp:190:13: warning: 6 enumeration values not handled in switch: 'TriangleDown', 'Octagon', 'Hexagram'... [-Wswitch]
  190 |     switch (shape) {
      |             ^~~~~
/Users/calebbuahin/Documents/Projects/cbuahin_github/openswmm.gui/src/map/swmmlayerqsgrenderer.cpp:190:13: note: add missing switch cases
  190 |     switch (shape) {
      |             ^
/Users/calebbuahin/Documents/Projects/cbuahin_github/openswmm.gui/src/map/swmmlayerqsgrenderer.cpp:190:13: warning: 6 enumeration values not handled in switch: 'TriangleDown', 'Octagon', 'Hexagram'... [-Wswitch]
  190 |     switch (shape) {
      |             ^~~~~
/Users/calebbuahin/Documents/Projects/cbuahin_github/openswmm.gui/src/map/swmmlayerqsgrenderer.cpp:324:5: note: in instantiation of function template specialization '(anonymous namespace)::appendMarkerShapeImpl<QSGGeometry::Point2D, (lambda at /Users/calebbuahin/Documents/Projects/cbuahin_github/openswmm.gui/src/map/swmmlayerqsgrenderer.cpp:321:14) &>' requested here
  324 |     appendMarkerShapeImpl(out, sx, sy, r, shape, v);
      |     ^
/Users/calebbuahin/Documents/Projects/cbuahin_github/openswmm.gui/src/map/swmmlayerqsgrenderer.cpp:190:13: note: add missing switch cases
  190 |     switch (shape) {
      |             ^
/Users/calebbuahin/Documents/Projects/cbuahin_github/openswmm.gui/src/map/swmmlayerqsgrenderer.cpp:190:13: warning: 6 enumeration values not handled in switch: 'TriangleDown', 'Octagon', 'Hexagram'... [-Wswitch]
  190 |     switch (shape) {
      |             ^~~~~
/Users/calebbuahin/Documents/Projects/cbuahin_github/openswmm.gui/src/map/swmmlayerqsgrenderer.cpp:607:5: note: in instantiation of function template specialization '(anonymous namespace)::appendMarkerShapeImpl<QSGGeometry::ColoredPoint2D, (lambda at /Users/calebbuahin/Documents/Projects/cbuahin_github/openswmm.gui/src/map/swmmlayerqsgrenderer.cpp:601:14) &>' requested here
  607 |     appendMarkerShapeImpl(out, sx, sy, r, shape, v);
      |     ^
/Users/calebbuahin/Documents/Projects/cbuahin_github/openswmm.gui/src/map/swmmlayerqsgrenderer.cpp:190:13: note: add missing switch cases
  190 |     switch (shape) {
      |             ^
3 warnings generated.
[45/216] Building CXX object CMakeFiles/SWMMVis.dir/src/map/swmmlayeritem.cpp.o
[46/216] Building CXX object CMakeFiles/SWMMVis.dir/src/map/swmm2dmeshqsgrenderer.cpp.o
[47/216] Building CXX object CMakeFiles/SWMMVis.dir/src/map/profilepathoverlay.cpp.o
[48/216] Building CXX object CMakeFiles/SWMMVis.dir/src/map/tools/maptool.cpp.o
[49/216] Building CXX object CMakeFiles/SWMMVis.dir/src/map/swmm2dresultsqsgrenderer.cpp.o
In file included from /Users/calebbuahin/Documents/Projects/cbuahin_github/openswmm.gui/src/map/swmm2dresultsqsgrenderer.cpp:21:
/Users/calebbuahin/Documents/Projects/cbuahin_github/openswmm.gui/include/layers/swmm2dresultslayer.h:503:55: warning: 'renderer' overrides a member function but is not marked 'override' [-Winconsistent-missing-override]
  503 |     [[nodiscard]] OpenSWMM::Render::IFeatureRenderer *renderer() const;
      |                                                       ^
/Users/calebbuahin/Documents/Projects/cbuahin_github/openswmm.gui/include/layers/openswmmvislayer.h:434:63: note: overridden virtual function is here
  434 |     [[nodiscard]] virtual OpenSWMM::Render::IFeatureRenderer *renderer() const { return nullptr; }
      |                                                               ^
In file included from /Users/calebbuahin/Documents/Projects/cbuahin_github/openswmm.gui/src/map/swmm2dresultsqsgrenderer.cpp:21:
/Users/calebbuahin/Documents/Projects/cbuahin_github/openswmm.gui/include/layers/swmm2dresultslayer.h:511:10: warning: 'setRenderer' overrides a member function but is not marked 'override' [-Winconsistent-missing-override]
  511 |     void setRenderer(std::unique_ptr<OpenSWMM::Render::IFeatureRenderer> r);
      |          ^
/Users/calebbuahin/Documents/Projects/cbuahin_github/openswmm.gui/include/layers/openswmmvislayer.h:440:18: note: overridden virtual function is here
  440 |     virtual void setRenderer(std::unique_ptr<OpenSWMM::Render::IFeatureRenderer>);
      |                  ^
2 warnings generated.
[50/216] Building CXX object CMakeFiles/SWMMVis.dir/src/map/tools/maptoolprofilemarker.cpp.o
[51/216] Building CXX object CMakeFiles/SWMMVis.dir/src/map/tools/maptoolpan.cpp.o
[52/216] Building CXX object CMakeFiles/SWMMVis.dir/src/map/tools/maptoolzoom.cpp.o
[53/216] Building CXX object CMakeFiles/SWMMVis.dir/src/map/tools/maptoolmeasure.cpp.o
[54/216] Building CXX object CMakeFiles/SWMMVis.dir/src/map/tools/maptoolplotpick.cpp.o
[55/216] Building CXX object CMakeFiles/SWMMVis.dir/src/map/tools/maptoolselectpolygon.cpp.o
[56/216] Building CXX object CMakeFiles/SWMMVis.dir/src/map/tools/maptoolpick2dcells.cpp.o
In file included from /Users/calebbuahin/Documents/Projects/cbuahin_github/openswmm.gui/src/map/tools/maptoolpick2dcells.cpp:10:
/Users/calebbuahin/Documents/Projects/cbuahin_github/openswmm.gui/include/layers/swmm2dresultslayer.h:503:55: warning: 'renderer' overrides a member function but is not marked 'override' [-Winconsistent-missing-override]
  503 |     [[nodiscard]] OpenSWMM::Render::IFeatureRenderer *renderer() const;
      |                                                       ^
/Users/calebbuahin/Documents/Projects/cbuahin_github/openswmm.gui/include/layers/openswmmvislayer.h:434:63: note: overridden virtual function is here
  434 |     [[nodiscard]] virtual OpenSWMM::Render::IFeatureRenderer *renderer() const { return nullptr; }
      |                                                               ^
In file included from /Users/calebbuahin/Documents/Projects/cbuahin_github/openswmm.gui/src/map/tools/maptoolpick2dcells.cpp:10:
/Users/calebbuahin/Documents/Projects/cbuahin_github/openswmm.gui/include/layers/swmm2dresultslayer.h:511:10: warning: 'setRenderer' overrides a member function but is not marked 'override' [-Winconsistent-missing-override]
  511 |     void setRenderer(std::unique_ptr<OpenSWMM::Render::IFeatureRenderer> r);
      |          ^
/Users/calebbuahin/Documents/Projects/cbuahin_github/openswmm.gui/include/layers/openswmmvislayer.h:440:18: note: overridden virtual function is here
  440 |     virtual void setRenderer(std::unique_ptr<OpenSWMM::Render::IFeatureRenderer>);
      |                  ^
2 warnings generated.
[57/216] Building CXX object CMakeFiles/SWMMVis.dir/src/map/tools/maptoolselect.cpp.o
In file included from /Users/calebbuahin/Documents/Projects/cbuahin_github/openswmm.gui/src/map/tools/maptoolselect.cpp:13:
/Users/calebbuahin/Documents/Projects/cbuahin_github/openswmm.gui/include/layers/gisvectorlayer.h:270:55: warning: 'renderer' overrides a member function but is not marked 'override' [-Winconsistent-missing-override]
  270 |     [[nodiscard]] OpenSWMM::Render::IFeatureRenderer *renderer() const;
      |                                                       ^
/Users/calebbuahin/Documents/Projects/cbuahin_github/openswmm.gui/include/layers/openswmmvislayer.h:434:63: note: overridden virtual function is here
  434 |     [[nodiscard]] virtual OpenSWMM::Render::IFeatureRenderer *renderer() const { return nullptr; }
      |                                                               ^
In file included from /Users/calebbuahin/Documents/Projects/cbuahin_github/openswmm.gui/src/map/tools/maptoolselect.cpp:13:
/Users/calebbuahin/Documents/Projects/cbuahin_github/openswmm.gui/include/layers/gisvectorlayer.h:278:10: warning: 'setRenderer' overrides a member function but is not marked 'override' [-Winconsistent-missing-override]
  278 |     void setRenderer(std::unique_ptr<OpenSWMM::Render::IFeatureRenderer> r);
      |          ^
/Users/calebbuahin/Documents/Projects/cbuahin_github/openswmm.gui/include/layers/openswmmvislayer.h:440:18: note: overridden virtual function is here
  440 |     virtual void setRenderer(std::unique_ptr<OpenSWMM::Render::IFeatureRenderer>);
      |                  ^
In file included from /Users/calebbuahin/Documents/Projects/cbuahin_github/openswmm.gui/src/map/tools/maptoolselect.cpp:15:
/Users/calebbuahin/Documents/Projects/cbuahin_github/openswmm.gui/include/layers/swmmresultslayer.h:407:55: warning: 'renderer' overrides a member function but is not marked 'override' [-Winconsistent-missing-override]
  407 |     [[nodiscard]] OpenSWMM::Render::IFeatureRenderer *renderer() const;
      |                                                       ^
/Users/calebbuahin/Documents/Projects/cbuahin_github/openswmm.gui/include/layers/openswmmvislayer.h:434:63: note: overridden virtual function is here
  434 |     [[nodiscard]] virtual OpenSWMM::Render::IFeatureRenderer *renderer() const { return nullptr; }
      |                                                               ^
In file included from /Users/calebbuahin/Documents/Projects/cbuahin_github/openswmm.gui/src/map/tools/maptoolselect.cpp:15:
/Users/calebbuahin/Documents/Projects/cbuahin_github/openswmm.gui/include/layers/swmmresultslayer.h:416:10: warning: 'setRenderer' overrides a member function but is not marked 'override' [-Winconsistent-missing-override]
  416 |     void setRenderer(std::unique_ptr<OpenSWMM::Render::IFeatureRenderer> r);
      |          ^
/Users/calebbuahin/Documents/Projects/cbuahin_github/openswmm.gui/include/layers/openswmmvislayer.h:440:18: note: overridden virtual function is here
  440 |     virtual void setRenderer(std::unique_ptr<OpenSWMM::Render::IFeatureRenderer>);
      |                  ^
4 warnings generated.
[58/216] Building CXX object CMakeFiles/SWMMVis.dir/src/map/tools/maptoolmeshprofile.cpp.o
[59/216] Building CXX object CMakeFiles/SWMMVis.dir/src/map/tools/maptoolmeshselectvertex.cpp.o
[60/216] Building CXX object CMakeFiles/SWMMVis.dir/src/map/tools/maptoolidentify.cpp.o
In file included from /Users/calebbuahin/Documents/Projects/cbuahin_github/openswmm.gui/src/map/tools/maptoolidentify.cpp:11:
/Users/calebbuahin/Documents/Projects/cbuahin_github/openswmm.gui/include/layers/gisvectorlayer.h:270:55: warning: 'renderer' overrides a member function but is not marked 'override' [-Winconsistent-missing-override]
  270 |     [[nodiscard]] OpenSWMM::Render::IFeatureRenderer *renderer() const;
      |                                                       ^
/Users/calebbuahin/Documents/Projects/cbuahin_github/openswmm.gui/include/layers/openswmmvislayer.h:434:63: note: overridden virtual function is here
  434 |     [[nodiscard]] virtual OpenSWMM::Render::IFeatureRenderer *renderer() const { return nullptr; }
      |                                                               ^
In file included from /Users/calebbuahin/Documents/Projects/cbuahin_github/openswmm.gui/src/map/tools/maptoolidentify.cpp:11:
/Users/calebbuahin/Documents/Projects/cbuahin_github/openswmm.gui/include/layers/gisvectorlayer.h:278:10: warning: 'setRenderer' overrides a member function but is not marked 'override' [-Winconsistent-missing-override]
  278 |     void setRenderer(std::unique_ptr<OpenSWMM::Render::IFeatureRenderer> r);
      |          ^
/Users/calebbuahin/Documents/Projects/cbuahin_github/openswmm.gui/include/layers/openswmmvislayer.h:440:18: note: overridden virtual function is here
  440 |     virtual void setRenderer(std::unique_ptr<OpenSWMM::Render::IFeatureRenderer>);
      |                  ^
2 warnings generated.
[61/216] Building CXX object CMakeFiles/SWMMVis.dir/src/map/tools/maptoolmeshselectedge.cpp.o
[62/216] Building CXX object CMakeFiles/SWMMVis.dir/src/map/tools/maptooladdnode.cpp.o
[63/216] Building CXX object CMakeFiles/SWMMVis.dir/src/map/tools/maptooladdvirtualnode.cpp.o
/Users/calebbuahin/Documents/Projects/cbuahin_github/openswmm.gui/src/map/tools/maptooladdvirtualnode.cpp:80:9: warning: ignoring return value of function declared with 'nodiscard' attribute [-Wunused-result]
   80 |         EditGeometry::distanceToPolyline(poly, QPointF(px, py), &seg, &closest);
      |         ^~~~~~~~~~~~~~~~~~~~~~~~~~~~~~~~ ~~~~~~~~~~~~~~~~~~~~~~~~~~~~~~~~~~~~~
1 warning generated.
[64/216] Building CXX object CMakeFiles/SWMMVis.dir/src/map/tools/maptooladdgage.cpp.o
[65/216] Building CXX object CMakeFiles/SWMMVis.dir/src/map/tools/maptooladdlink.cpp.o
[66/216] Building CXX object CMakeFiles/SWMMVis.dir/src/map/tools/maptooladdsubcatchment.cpp.o
[67/216] Building CXX object CMakeFiles/SWMMVis.dir/src/map/tools/maptooladdtext.cpp.o
[68/216] Building CXX object CMakeFiles/SWMMVis.dir/src/project/openswmmvisworkspace.cpp.o
[69/216] Building CXX object CMakeFiles/SWMMVis.dir/src/project/swmmvisproject.cpp.o
[70/216] Building CXX object CMakeFiles/SWMMVis.dir/src/map/tools/maptoolselectprofile.cpp.o
[71/216] Building CXX object CMakeFiles/SWMMVis.dir/src/project/projectserializer.cpp.o
In file included from /Users/calebbuahin/Documents/Projects/cbuahin_github/openswmm.gui/src/project/projectserializer.cpp:12:
/Users/calebbuahin/Documents/Projects/cbuahin_github/openswmm.gui/include/layers/gisvectorlayer.h:270:55: warning: 'renderer' overrides a member function but is not marked 'override' [-Winconsistent-missing-override]
  270 |     [[nodiscard]] OpenSWMM::Render::IFeatureRenderer *renderer() const;
      |                                                       ^
/Users/calebbuahin/Documents/Projects/cbuahin_github/openswmm.gui/include/layers/openswmmvislayer.h:434:63: note: overridden virtual function is here
  434 |     [[nodiscard]] virtual OpenSWMM::Render::IFeatureRenderer *renderer() const { return nullptr; }
      |                                                               ^
In file included from /Users/calebbuahin/Documents/Projects/cbuahin_github/openswmm.gui/src/project/projectserializer.cpp:12:
/Users/calebbuahin/Documents/Projects/cbuahin_github/openswmm.gui/include/layers/gisvectorlayer.h:278:10: warning: 'setRenderer' overrides a member function but is not marked 'override' [-Winconsistent-missing-override]
  278 |     void setRenderer(std::unique_ptr<OpenSWMM::Render::IFeatureRenderer> r);
      |          ^
/Users/calebbuahin/Documents/Projects/cbuahin_github/openswmm.gui/include/layers/openswmmvislayer.h:440:18: note: overridden virtual function is here
  440 |     virtual void setRenderer(std::unique_ptr<OpenSWMM::Render::IFeatureRenderer>);
      |                  ^
In file included from /Users/calebbuahin/Documents/Projects/cbuahin_github/openswmm.gui/src/project/projectserializer.cpp:15:
/Users/calebbuahin/Documents/Projects/cbuahin_github/openswmm.gui/include/layers/swmm2dresultslayer.h:503:55: warning: 'renderer' overrides a member function but is not marked 'override' [-Winconsistent-missing-override]
  503 |     [[nodiscard]] OpenSWMM::Render::IFeatureRenderer *renderer() const;
      |                                                       ^
/Users/calebbuahin/Documents/Projects/cbuahin_github/openswmm.gui/include/layers/openswmmvislayer.h:434:63: note: overridden virtual function is here
  434 |     [[nodiscard]] virtual OpenSWMM::Render::IFeatureRenderer *renderer() const { return nullptr; }
      |                                                               ^
In file included from /Users/calebbuahin/Documents/Projects/cbuahin_github/openswmm.gui/src/project/projectserializer.cpp:15:
/Users/calebbuahin/Documents/Projects/cbuahin_github/openswmm.gui/include/layers/swmm2dresultslayer.h:511:10: warning: 'setRenderer' overrides a member function but is not marked 'override' [-Winconsistent-missing-override]
  511 |     void setRenderer(std::unique_ptr<OpenSWMM::Render::IFeatureRenderer> r);
      |          ^
/Users/calebbuahin/Documents/Projects/cbuahin_github/openswmm.gui/include/layers/openswmmvislayer.h:440:18: note: overridden virtual function is here
  440 |     virtual void setRenderer(std::unique_ptr<OpenSWMM::Render::IFeatureRenderer>);
      |                  ^
In file included from /Users/calebbuahin/Documents/Projects/cbuahin_github/openswmm.gui/src/project/projectserializer.cpp:17:
/Users/calebbuahin/Documents/Projects/cbuahin_github/openswmm.gui/include/layers/swmmresultslayer.h:407:55: warning: 'renderer' overrides a member function but is not marked 'override' [-Winconsistent-missing-override]
  407 |     [[nodiscard]] OpenSWMM::Render::IFeatureRenderer *renderer() const;
      |                                                       ^
/Users/calebbuahin/Documents/Projects/cbuahin_github/openswmm.gui/include/layers/openswmmvislayer.h:434:63: note: overridden virtual function is here
  434 |     [[nodiscard]] virtual OpenSWMM::Render::IFeatureRenderer *renderer() const { return nullptr; }
      |                                                               ^
In file included from /Users/calebbuahin/Documents/Projects/cbuahin_github/openswmm.gui/src/project/projectserializer.cpp:17:
/Users/calebbuahin/Documents/Projects/cbuahin_github/openswmm.gui/include/layers/swmmresultslayer.h:416:10: warning: 'setRenderer' overrides a member function but is not marked 'override' [-Winconsistent-missing-override]
  416 |     void setRenderer(std::unique_ptr<OpenSWMM::Render::IFeatureRenderer> r);
      |          ^
/Users/calebbuahin/Documents/Projects/cbuahin_github/openswmm.gui/include/layers/openswmmvislayer.h:440:18: note: overridden virtual function is here
  440 |     virtual void setRenderer(std::unique_ptr<OpenSWMM::Render::IFeatureRenderer>);
      |                  ^
6 warnings generated.
[72/216] Building CXX object CMakeFiles/SWMMVis.dir/src/layers/swmm2dmeshlayer.cpp.o
FAILED: [code=1] CMakeFiles/SWMMVis.dir/src/layers/swmm2dmeshlayer.cpp.o 
/Applications/Xcode.app/Contents/Developer/Toolchains/XcodeDefault.xctoolchain/usr/bin/c++ -DH5_BUILT_AS_STATIC_LIB -DHAVE_OPENSWMMCORE -DHAVE_OPENSWMMENGINE -DHAVE_QPROPERTYMODEL -DOPENSWMM_HAS_2D=1 -DOPENSWMM_HAS_GEOPACKAGE=1 -DQT_CHARTS_LIB -DQT_CONCURRENT_LIB -DQT_CORE_LIB -DQT_GUI_LIB -DQT_NETWORK_LIB -DQT_NO_DEBUG -DQT_OPENGLWIDGETS_LIB -DQT_OPENGL_LIB -DQT_PRINTSUPPORT_LIB -DQT_QMLINTEGRATION_LIB -DQT_QMLMETA_LIB -DQT_QMLMODELS_LIB -DQT_QMLWORKERSCRIPT_LIB -DQT_QML_LIB -DQT_QUICKWIDGETS_LIB -DQT_QUICK_LIB -DQT_SVG_LIB -DQT_WIDGETS_LIB -I/Users/calebbuahin/Documents/Projects/cbuahin_github/openswmm.gui/build/SWMMVis_autogen/include -I/Users/calebbuahin/Documents/Projects/cbuahin_github/openswmm.gui/include -I/Users/calebbuahin/Documents/Projects/cbuahin_github/openswmm.gui/forms -I/Users/calebbuahin/Documents/Projects/cbuahin_github/QPropertyModel/include -I/Users/calebbuahin/Documents/Projects/cbuahin_github/openswmm.gui/vendor/triangle -isystem /Users/calebbuahin/Documents/Projects/cbuahin_github/openswmm.gui/build/vcpkg_installed/arm64-osx/include -isystem /Users/calebbuahin/Qt/6.9.3/macos/lib/QtCore.framework/Headers -iframework /Users/calebbuahin/Qt/6.9.3/macos/lib -isystem /Users/calebbuahin/Qt/6.9.3/macos/mkspecs/macx-clang -isystem /Users/calebbuahin/Qt/6.9.3/macos/include -isystem /Users/calebbuahin/Qt/6.9.3/macos/lib/QtWidgets.framework/Headers -isystem /Users/calebbuahin/Qt/6.9.3/macos/lib/QtGui.framework/Headers -isystem /Users/calebbuahin/Qt/6.9.3/macos/lib/QtOpenGL.framework/Headers -isystem /Users/calebbuahin/Qt/6.9.3/macos/lib/QtOpenGLWidgets.framework/Headers -isystem /Users/calebbuahin/Qt/6.9.3/macos/lib/QtNetwork.framework/Headers -isystem /Users/calebbuahin/Qt/6.9.3/macos/lib/QtConcurrent.framework/Headers -isystem /Users/calebbuahin/Qt/6.9.3/macos/lib/QtSvg.framework/Headers -isystem /Users/calebbuahin/Qt/6.9.3/macos/lib/QtCharts.framework/Headers -isystem /Users/calebbuahin/Qt/6.9.3/macos/lib/QtQml.framework/Headers -isystem /Users/calebbuahin/Qt/6.9.3/macos/include/QtQmlIntegration -isystem /Users/calebbuahin/Qt/6.9.3/macos/lib/QtQuick.framework/Headers -isystem /Users/calebbuahin/Qt/6.9.3/macos/lib/QtQmlMeta.framework/Headers -isystem /Users/calebbuahin/Qt/6.9.3/macos/lib/QtQmlModels.framework/Headers -isystem /Users/calebbuahin/Qt/6.9.3/macos/lib/QtQmlWorkerScript.framework/Headers -isystem /Users/calebbuahin/Qt/6.9.3/macos/lib/QtQuickWidgets.framework/Headers -isystem /Users/calebbuahin/Qt/6.9.3/macos/lib/QtPrintSupport.framework/Headers -isystem /Users/calebbuahin/Documents/Projects/cbuahin_github/openswmm.engine/install/Darwin/include -isystem /Users/calebbuahin/Documents/Projects/cbuahin_github/openswmm.engine/install/Darwin/include/openswmm/engine -isystem /Users/calebbuahin/Documents/Projects/cbuahin_github/openswmm.engine/install/Darwin/include/openswmm/plugin_sdk -isystem /Users/calebbuahin/Documents/Projects/cbuahin_github/openswmm.engine/install/Darwin/include/openswmm/legacy/engine -O3 -DNDEBUG -std=gnu++20 -arch arm64 -isysroot /Applications/Xcode.app/Contents/Developer/Platforms/MacOSX.platform/Developer/SDKs/MacOSX26.5.sdk -MD -MT CMakeFiles/SWMMVis.dir/src/layers/swmm2dmeshlayer.cpp.o -MF CMakeFiles/SWMMVis.dir/src/layers/swmm2dmeshlayer.cpp.o.d -o CMakeFiles/SWMMVis.dir/src/layers/swmm2dmeshlayer.cpp.o -c /Users/calebbuahin/Documents/Projects/cbuahin_github/openswmm.gui/src/layers/swmm2dmeshlayer.cpp
/Users/calebbuahin/Documents/Projects/cbuahin_github/openswmm.gui/src/layers/swmm2dmeshlayer.cpp:656:17: error: 'setBcColor' is a private member of 'OpenSWMM::Render::MeshEdgeStyle'
  656 |             es->setBcColor(t, pm->meshBcColor(t));
      |                 ^
/Users/calebbuahin/Documents/Projects/cbuahin_github/openswmm.gui/include/render/sublayers/meshedgesublayer.h:186:10: note: declared private here
  186 |     void setBcColor(int idx, const QColor &v);
      |          ^
/Users/calebbuahin/Documents/Projects/cbuahin_github/openswmm.gui/src/layers/swmm2dmeshlayer.cpp:657:28: error: 'setBcWidth' is a private member of 'OpenSWMM::Render::MeshEdgeStyle'
  657 |             if (t > 0) es->setBcWidth(t, pm->meshBcWidthPx(t));
      |                            ^
/Users/calebbuahin/Documents/Projects/cbuahin_github/openswmm.gui/include/render/sublayers/meshedgesublayer.h:187:10: note: declared private here
  187 |     void setBcWidth(int idx, double v);
      |          ^
/Users/calebbuahin/Documents/Projects/cbuahin_github/openswmm.gui/src/layers/swmm2dmeshlayer.cpp:1674:5: warning: ignoring return value of function declared with 'nodiscard' attribute [-Wunused-result]
 1674 |     cellAttributeValues(key);            // populates the cache + range
      |     ^~~~~~~~~~~~~~~~~~~ ~~~
1 warning and 2 errors generated.
[73/216] Building CXX object CMakeFiles/SWMMVis.dir/src/curve/curveregistry.cpp.o
[74/216] Building CXX object CMakeFiles/SWMMVis.dir/src/pattern/patternregistry.cpp.o
[75/216] Building CXX object CMakeFiles/SWMMVis.dir/src/layers/swmm2dresultslayer.cpp.o
In file included from /Users/calebbuahin/Documents/Projects/cbuahin_github/openswmm.gui/src/layers/swmm2dresultslayer.cpp:12:
/Users/calebbuahin/Documents/Projects/cbuahin_github/openswmm.gui/include/layers/swmm2dresultslayer.h:503:55: warning: 'renderer' overrides a member function but is not marked 'override' [-Winconsistent-missing-override]
  503 |     [[nodiscard]] OpenSWMM::Render::IFeatureRenderer *renderer() const;
      |                                                       ^
/Users/calebbuahin/Documents/Projects/cbuahin_github/openswmm.gui/include/layers/openswmmvislayer.h:434:63: note: overridden virtual function is here
  434 |     [[nodiscard]] virtual OpenSWMM::Render::IFeatureRenderer *renderer() const { return nullptr; }
      |                                                               ^
In file included from /Users/calebbuahin/Documents/Projects/cbuahin_github/openswmm.gui/src/layers/swmm2dresultslayer.cpp:12:
/Users/calebbuahin/Documents/Projects/cbuahin_github/openswmm.gui/include/layers/swmm2dresultslayer.h:511:10: warning: 'setRenderer' overrides a member function but is not marked 'override' [-Winconsistent-missing-override]
  511 |     void setRenderer(std::unique_ptr<OpenSWMM::Render::IFeatureRenderer> r);
      |          ^
/Users/calebbuahin/Documents/Projects/cbuahin_github/openswmm.gui/include/layers/openswmmvislayer.h:440:18: note: overridden virtual function is here
  440 |     virtual void setRenderer(std::unique_ptr<OpenSWMM::Render::IFeatureRenderer>);
      |                  ^
In file included from /Users/calebbuahin/Documents/Projects/cbuahin_github/openswmm.gui/src/layers/swmm2dresultslayer.cpp:16:
/Users/calebbuahin/Documents/Projects/cbuahin_github/openswmm.gui/include/core/swmmdatetime.h:61:12: warning: 'QDateTime' is deprecated: Pass QTimeZone instead [-Wdeprecated-declarations]
   61 |     return QDateTime(date, QTime(h, mi, s), Qt::UTC);
      |            ^
/Users/calebbuahin/Qt/6.9.3/macos/lib/QtCore.framework/Headers/qdatetime.h:361:5: note: 'QDateTime' has been explicitly marked deprecated here
  361 |     QT_DEPRECATED_VERSION_X_6_9("Pass QTimeZone instead")
      |     ^
/Users/calebbuahin/Qt/6.9.3/macos/lib/QtCore.framework/Headers/qtdeprecationmarkers.h:213:44: note: expanded from macro 'QT_DEPRECATED_VERSION_X_6_9'
  213 | # define QT_DEPRECATED_VERSION_X_6_9(text) QT_DEPRECATED_X(text)
      |                                            ^
/Users/calebbuahin/Qt/6.9.3/macos/lib/QtCore.framework/Headers/qtdeprecationmarkers.h:29:33: note: expanded from macro 'QT_DEPRECATED_X'
   29 | #  define QT_DEPRECATED_X(text) Q_DECL_DEPRECATED_X(text)
      |                                 ^
/Users/calebbuahin/Qt/6.9.3/macos/lib/QtCore.framework/Headers/qcompilerdetection.h:1011:36: note: expanded from macro 'Q_DECL_DEPRECATED_X'
 1011 | #  define Q_DECL_DEPRECATED_X(x) [[deprecated(x)]]
      |                                    ^
In file included from /Users/calebbuahin/Documents/Projects/cbuahin_github/openswmm.gui/src/layers/swmm2dresultslayer.cpp:16:
/Users/calebbuahin/Documents/Projects/cbuahin_github/openswmm.gui/include/core/swmmdatetime.h:61:12: warning: 'QDateTime' is deprecated: Pass QTimeZone instead [-Wdeprecated-declarations]
   61 |     return QDateTime(date, QTime(h, mi, s), Qt::UTC);
      |            ^
/Users/calebbuahin/Qt/6.9.3/macos/lib/QtCore.framework/Headers/qdatetime.h:361:5: note: 'QDateTime' has been explicitly marked deprecated here
  361 |     QT_DEPRECATED_VERSION_X_6_9("Pass QTimeZone instead")
      |     ^
/Users/calebbuahin/Qt/6.9.3/macos/lib/QtCore.framework/Headers/qtdeprecationmarkers.h:213:44: note: expanded from macro 'QT_DEPRECATED_VERSION_X_6_9'
  213 | # define QT_DEPRECATED_VERSION_X_6_9(text) QT_DEPRECATED_X(text)
      |                                            ^
/Users/calebbuahin/Qt/6.9.3/macos/lib/QtCore.framework/Headers/qtdeprecationmarkers.h:29:33: note: expanded from macro 'QT_DEPRECATED_X'
   29 | #  define QT_DEPRECATED_X(text) Q_DECL_DEPRECATED_X(text)
      |                                 ^
/Users/calebbuahin/Qt/6.9.3/macos/lib/QtCore.framework/Headers/qcompilerdetection.h:1011:36: note: expanded from macro 'Q_DECL_DEPRECATED_X'
 1011 | #  define Q_DECL_DEPRECATED_X(x) [[deprecated(x)]]
      |                                    ^
4 warnings generated.
ninja: build stopped: subcommand failed.
